Archive member included to satisfy reference by file (symbol)

C:\Users\alyas\AppData\Local\Temp\arduino\sketches\2C96ACFC6238EFED5EF299EF4E2321D9/..\..\cores\arduino_samd_nano_33_iot_34f1bda89f285c6fb8306d09183da2d7\core.a(SERCOM.cpp.o)
                              C:\Users\alyas\AppData\Local\Temp\arduino\sketches\2C96ACFC6238EFED5EF299EF4E2321D9\core\variant.cpp.o (SERCOM::SERCOM(Sercom*))
C:\Users\alyas\AppData\Local\Temp\arduino\sketches\2C96ACFC6238EFED5EF299EF4E2321D9/..\..\cores\arduino_samd_nano_33_iot_34f1bda89f285c6fb8306d09183da2d7\core.a(CDC.cpp.o)
                              C:\Users\alyas\AppData\Local\Temp\arduino\sketches\2C96ACFC6238EFED5EF299EF4E2321D9\sketch\1050_final.ino.cpp.o (Serial_::begin(unsigned long))
C:\Users\alyas\AppData\Local\Temp\arduino\sketches\2C96ACFC6238EFED5EF299EF4E2321D9/..\..\cores\arduino_samd_nano_33_iot_34f1bda89f285c6fb8306d09183da2d7\core.a(USBCore.cpp.o)
                              C:\Users\alyas\AppData\Local\Temp\arduino\sketches\2C96ACFC6238EFED5EF299EF4E2321D9/..\..\cores\arduino_samd_nano_33_iot_34f1bda89f285c6fb8306d09183da2d7\core.a(CDC.cpp.o) (usbd)
C:\Users\alyas\AppData\Local\Temp\arduino\sketches\2C96ACFC6238EFED5EF299EF4E2321D9/..\..\cores\arduino_samd_nano_33_iot_34f1bda89f285c6fb8306d09183da2d7\core.a(Uart.cpp.o)
                              C:\Users\alyas\AppData\Local\Temp\arduino\sketches\2C96ACFC6238EFED5EF299EF4E2321D9\core\variant.cpp.o (Uart::Uart(SERCOM*, unsigned char, unsigned char, SercomRXPad, SercomUartTXPad, unsigned char, unsigned char))
C:\Users\alyas\AppData\Local\Temp\arduino\sketches\2C96ACFC6238EFED5EF299EF4E2321D9/..\..\cores\arduino_samd_nano_33_iot_34f1bda89f285c6fb8306d09183da2d7\core.a(IPAddress.cpp.o)
                              C:\Users\alyas\AppData\Local\Temp\arduino\sketches\2C96ACFC6238EFED5EF299EF4E2321D9\libraries\WiFiNINA\WiFi.cpp.o (arduino::IPAddress::IPAddress())
C:\Users\alyas\AppData\Local\Temp\arduino\sketches\2C96ACFC6238EFED5EF299EF4E2321D9/..\..\cores\arduino_samd_nano_33_iot_34f1bda89f285c6fb8306d09183da2d7\core.a(PluggableUSB.cpp.o)
                              C:\Users\alyas\AppData\Local\Temp\arduino\sketches\2C96ACFC6238EFED5EF299EF4E2321D9/..\..\cores\arduino_samd_nano_33_iot_34f1bda89f285c6fb8306d09183da2d7\core.a(USBCore.cpp.o) (arduino::PluggableUSB_::getInterface(unsigned char*))
C:\Users\alyas\AppData\Local\Temp\arduino\sketches\2C96ACFC6238EFED5EF299EF4E2321D9/..\..\cores\arduino_samd_nano_33_iot_34f1bda89f285c6fb8306d09183da2d7\core.a(Print.cpp.o)
                              C:\Users\alyas\AppData\Local\Temp\arduino\sketches\2C96ACFC6238EFED5EF299EF4E2321D9/..\..\cores\arduino_samd_nano_33_iot_34f1bda89f285c6fb8306d09183da2d7\core.a(Uart.cpp.o) (arduino::Print::write(unsigned char const*, unsigned int))
C:\Users\alyas\AppData\Local\Temp\arduino\sketches\2C96ACFC6238EFED5EF299EF4E2321D9/..\..\cores\arduino_samd_nano_33_iot_34f1bda89f285c6fb8306d09183da2d7\core.a(String.cpp.o)
                              C:\Users\alyas\AppData\Local\Temp\arduino\sketches\2C96ACFC6238EFED5EF299EF4E2321D9\sketch\AP.cpp.o (arduino::String::~String())
C:\Users\alyas\AppData\Local\Temp\arduino\sketches\2C96ACFC6238EFED5EF299EF4E2321D9/..\..\cores\arduino_samd_nano_33_iot_34f1bda89f285c6fb8306d09183da2d7\core.a(dtostrf.c.o)
                              C:\Users\alyas\AppData\Local\Temp\arduino\sketches\2C96ACFC6238EFED5EF299EF4E2321D9/..\..\cores\arduino_samd_nano_33_iot_34f1bda89f285c6fb8306d09183da2d7\core.a(String.cpp.o) (dtostrf)
C:\Users\alyas\AppData\Local\Temp\arduino\sketches\2C96ACFC6238EFED5EF299EF4E2321D9/..\..\cores\arduino_samd_nano_33_iot_34f1bda89f285c6fb8306d09183da2d7\core.a(cortex_handlers.c.o)
                              (Reset_Handler)
C:\Users\alyas\AppData\Local\Temp\arduino\sketches\2C96ACFC6238EFED5EF299EF4E2321D9/..\..\cores\arduino_samd_nano_33_iot_34f1bda89f285c6fb8306d09183da2d7\core.a(delay.c.o)
                              C:\Users\alyas\AppData\Local\Temp\arduino\sketches\2C96ACFC6238EFED5EF299EF4E2321D9\sketch\BTN.cpp.o (millis)
C:\Users\alyas\AppData\Local\Temp\arduino\sketches\2C96ACFC6238EFED5EF299EF4E2321D9/..\..\cores\arduino_samd_nano_33_iot_34f1bda89f285c6fb8306d09183da2d7\core.a(hooks.c.o)
                              C:\Users\alyas\AppData\Local\Temp\arduino\sketches\2C96ACFC6238EFED5EF299EF4E2321D9/..\..\cores\arduino_samd_nano_33_iot_34f1bda89f285c6fb8306d09183da2d7\core.a(delay.c.o) (yield)
C:\Users\alyas\AppData\Local\Temp\arduino\sketches\2C96ACFC6238EFED5EF299EF4E2321D9/..\..\cores\arduino_samd_nano_33_iot_34f1bda89f285c6fb8306d09183da2d7\core.a(itoa.c.o)
                              C:\Users\alyas\AppData\Local\Temp\arduino\sketches\2C96ACFC6238EFED5EF299EF4E2321D9/..\..\cores\arduino_samd_nano_33_iot_34f1bda89f285c6fb8306d09183da2d7\core.a(String.cpp.o) (ltoa)
[...]
Memory Configuration

Name             Origin             Length             Attributes
FLASH            0x00002000         0x0003e000         xr
RAM              0x20000000         0x00008000         xrw
*default*        0x00000000         0xffffffff

Linker script and memory map

LOAD c:/users/alyas/appdata/local/arduino15/packages/arduino/tools/arm-none-eabi-gcc/7-2017q4/bin/../lib/gcc/arm-none-eabi/7.2.1/thumb/v6-m/crti.o
LOAD c:/users/alyas/appdata/local/arduino15/packages/arduino/tools/arm-none-eabi-gcc/7-2017q4/bin/../lib/gcc/arm-none-eabi/7.2.1/thumb/v6-m/crtbegin.o
LOAD c:/users/alyas/appdata/local/arduino15/packages/arduino/tools/arm-none-eabi-gcc/7-2017q4/bin/../lib/gcc/arm-none-eabi/7.2.1/../../../../arm-none-eabi/lib/thumb/v6-m/crt0.o
LOAD C:\Users\alyas\AppData\Local\Temp\arduino\sketches\2C96ACFC6238EFED5EF299EF4E2321D9\sketch\1050_final.ino.cpp.o
LOAD C:\Users\alyas\AppData\Local\Temp\arduino\sketches\2C96ACFC6238EFED5EF299EF4E2321D9\sketch\AP.cpp.o
LOAD C:\Users\alyas\AppData\Local\Temp\arduino\sketches\2C96ACFC6238EFED5EF299EF4E2321D9\sketch\BTN.cpp.o
LOAD C:\Users\alyas\AppData\Local\Temp\arduino\sketches\2C96ACFC6238EFED5EF299EF4E2321D9\sketch\LED.cpp.o
LOAD C:\Users\alyas\AppData\Local\Temp\arduino\sketches\2C96ACFC6238EFED5EF299EF4E2321D9\libraries\WiFiNINA\WiFi.cpp.o
LOAD C:\Users\alyas\AppData\Local\Temp\arduino\sketches\2C96ACFC6238EFED5EF299EF4E2321D9\libraries\WiFiNINA\WiFiClient.cpp.o
LOAD C:\Users\alyas\AppData\Local\Temp\arduino\sketches\2C96ACFC6238EFED5EF299EF4E2321D9\libraries\WiFiNINA\WiFiSSLClient.cpp.o
LOAD C:\Users\alyas\AppData\Local\Temp\arduino\sketches\2C96ACFC6238EFED5EF299EF4E2321D9\libraries\WiFiNINA\WiFiServer.cpp.o
LOAD C:\Users\alyas\AppData\Local\Temp\arduino\sketches\2C96ACFC6238EFED5EF299EF4E2321D9\libraries\WiFiNINA\WiFiStorage.cpp.o
LOAD C:\Users\alyas\AppData\Local\Temp\arduino\sketches\2C96ACFC6238EFED5EF299EF4E2321D9\libraries\WiFiNINA\WiFiUdp.cpp.o
LOAD C:\Users\alyas\AppData\Local\Temp\arduino\sketches\2C96ACFC6238EFED5EF299EF4E2321D9\libraries\WiFiNINA\utility\WiFiSocketBuffer.cpp.o
LOAD C:\Users\alyas\AppData\Local\Temp\arduino\sketches\2C96ACFC6238EFED5EF299EF4E2321D9\libraries\WiFiNINA\utility\nano_rp2040_support.cpp.o
LOAD C:\Users\alyas\AppData\Local\Temp\arduino\sketches\2C96ACFC6238EFED5EF299EF4E2321D9\libraries\WiFiNINA\utility\server_drv.cpp.o
LOAD C:\Users\alyas\AppData\Local\Temp\arduino\sketches\2C96ACFC6238EFED5EF299EF4E2321D9\libraries\WiFiNINA\utility\spi_drv.cpp.o
LOAD C:\Users\alyas\AppData\Local\Temp\arduino\sketches\2C96ACFC6238EFED5EF299EF4E2321D9\libraries\WiFiNINA\utility\wifi_drv.cpp.o
LOAD C:\Users\alyas\AppData\Local\Temp\arduino\sketches\2C96ACFC6238EFED5EF299EF4E2321D9\libraries\SPI\SPI.cpp.o
LOAD C:\Users\alyas\AppData\Local\Temp\arduino\sketches\2C96ACFC6238EFED5EF299EF4E2321D9\core\variant.cpp.o
START GROUP
LOAD C:\Users\alyas\AppData\Local\Arduino15\packages\arduino\tools\CMSIS\4.5.0/CMSIS/Lib/GCC/\libarm_cortexM0l_math.a
LOAD C:\Users\alyas\AppData\Local\Temp\arduino\sketches\2C96ACFC6238EFED5EF299EF4E2321D9/..\..\cores\arduino_samd_nano_33_iot_34f1bda89f285c6fb8306d09183da2d7\core.a
END GROUP
LOAD c:/users/alyas/appdata/local/arduino15/packages/arduino/tools/arm-none-eabi-gcc/7-2017q4/bin/../lib/gcc/arm-none-eabi/7.2.1/../../../../arm-none-eabi/lib/thumb/v6-m\libstdc++_nano.a
LOAD c:/users/alyas/appdata/local/arduino15/packages/arduino/tools/arm-none-eabi-gcc/7-2017q4/bin/../lib/gcc/arm-none-eabi/7.2.1/../../../../arm-none-eabi/lib/thumb/v6-m\libm.a
START GROUP
LOAD c:/users/alyas/appdata/local/arduino15/packages/arduino/tools/arm-none-eabi-gcc/7-2017q4/bin/../lib/gcc/arm-none-eabi/7.2.1/thumb/v6-m\libgcc.a
LOAD c:/users/alyas/appdata/local/arduino15/packages/arduino/tools/arm-none-eabi-gcc/7-2017q4/bin/../lib/gcc/arm-none-eabi/7.2.1/../../../../arm-none-eabi/lib/thumb/v6-m\libc_nano.a
END GROUP
START GROUP
LOAD c:/users/alyas/appdata/local/arduino15/packages/arduino/tools/arm-none-eabi-gcc/7-2017q4/bin/../lib/gcc/arm-none-eabi/7.2.1/thumb/v6-m\libgcc.a
LOAD c:/users/alyas/appdata/local/arduino15/packages/arduino/tools/arm-none-eabi-gcc/7-2017q4/bin/../lib/gcc/arm-none-eabi/7.2.1/../../../../arm-none-eabi/lib/thumb/v6-m\libc_nano.a
LOAD c:/users/alyas/appdata/local/arduino15/packages/arduino/tools/arm-none-eabi-gcc/7-2017q4/bin/../lib/gcc/arm-none-eabi/7.2.1/../../../../arm-none-eabi/lib/thumb/v6-m\libnosys.a
END GROUP
START GROUP
LOAD c:/users/alyas/appdata/local/arduino15/packages/arduino/tools/arm-none-eabi-gcc/7-2017q4/bin/../lib/gcc/arm-none-eabi/7.2.1/thumb/v6-m\libgcc.a
LOAD c:/users/alyas/appdata/local/arduino15/packages/arduino/tools/arm-none-eabi-gcc/7-2017q4/bin/../lib/gcc/arm-none-eabi/7.2.1/../../../../arm-none-eabi/lib/thumb/v6-m\libc_nano.a
LOAD c:/users/alyas/appdata/local/arduino15/packages/arduino/tools/arm-none-eabi-gcc/7-2017q4/bin/../lib/gcc/arm-none-eabi/7.2.1/../../../../arm-none-eabi/lib/thumb/v6-m\libnosys.a
END GROUP
LOAD c:/users/alyas/appdata/local/arduino15/packages/arduino/tools/arm-none-eabi-gcc/7-2017q4/bin/../lib/gcc/arm-none-eabi/7.2.1/thumb/v6-m/crtend.o
LOAD c:/users/alyas/appdata/local/arduino15/packages/arduino/tools/arm-none-eabi-gcc/7-2017q4/bin/../lib/gcc/arm-none-eabi/7.2.1/thumb/v6-m/crtn.o

.text           0x00002000     0x6894
                0x00002000                __text_start__ = .
 *(.sketch_boot)
                0x00002000                . = ALIGN (0x2000)
 *(.isr_vector)
 .isr_vector    0x00002000       0xb4 C:\Users\alyas\AppData\Local\Temp\arduino\sketches\2C96ACFC6238EFED5EF299EF4E2321D9/..\..\cores\arduino_samd_nano_33_iot_34f1bda89f285c6fb8306d09183da2d7\core.a(cortex_handlers.c.o)
                0x00002000                exception_table
 *(.text*)
 .text          0x000020b4       0x48 c:/users/alyas/appdata/local/arduino15/packages/arduino/tools/arm-none-eabi-gcc/7-2017q4/bin/../lib/gcc/arm-none-eabi/7.2.1/thumb/v6-m/crtbegin.o
 .text.startup._GLOBAL__sub_I_skipServerAttempt
                0x000020fc       0x38 C:\Users\alyas\AppData\Local\Temp\arduino\sketches\2C96ACFC6238EFED5EF299EF4E2321D9\sketch\1050_final.ino.cpp.o
 .text._Z9sendPressPc
                0x00002134       0x78 C:\Users\alyas\AppData\Local\Temp\arduino\sketches\2C96ACFC6238EFED5EF299EF4E2321D9\sketch\1050_final.ino.cpp.o
                0x00002134                sendPress(char*)
 .text._Z14loop_firestickPc
                0x000021ac       0x40 C:\Users\alyas\AppData\Local\Temp\arduino\sketches\2C96ACFC6238EFED5EF299EF4E2321D9\sketch\1050_final.ino.cpp.o
                0x000021ac                loop_firestick(char*)
 .text.loop     0x000021ec       0x24 C:\Users\alyas\AppData\Local\Temp\arduino\sketches\2C96ACFC6238EFED5EF299EF4E2321D9\sketch\1050_final.ino.cpp.o
                0x000021ec                loop
 .text.setup    0x00002210       0x24 C:\Users\alyas\AppData\Local\Temp\arduino\sketches\2C96ACFC6238EFED5EF299EF4E2321D9\sketch\1050_final.ino.cpp.o
                0x00002210                setup
 .text._ZN7arduino5Print17availableForWriteEv
                0x00002234        0x4 C:\Users\alyas\AppData\Local\Temp\arduino\sketches\2C96ACFC6238EFED5EF299EF4E2321D9\sketch\AP.cpp.o
                0x00002234                arduino::Print::availableForWrite()
 .text._ZN7arduino5Print5flushEv
                0x00002238        0x2 C:\Users\alyas\AppData\Local\Temp\arduino\sketches\2C96ACFC6238EFED5EF299EF4E2321D9\sketch\AP.cpp.o
                0x00002238                arduino::Print::flush()
 *fill*         0x0000223a        0x2 
 .text._Z15printWiFiStatusv
                0x0000223c       0x48 C:\Users\alyas\AppData\Local\Temp\arduino\sketches\2C96ACFC6238EFED5EF299EF4E2321D9\sketch\AP.cpp.o
                0x0000223c                printWiFiStatus()
 .text._Z8setupSVRbRb
                0x00002284      0x11c C:\Users\alyas\AppData\Local\Temp\arduino\sketches\2C96ACFC6238EFED5EF299EF4E2321D9\sketch\AP.cpp.o
                0x00002284                setupSVR(bool, bool&)
 .text._Z7html_AP10WiFiClient
                0x000023a0       0x9c C:\Users\alyas\AppData\Local\Temp\arduino\sketches\2C96ACFC6238EFED5EF299EF4E2321D9\sketch\AP.cpp.o
                0x000023a0                html_AP(WiFiClient)
 .text._Z12getSubstringN7arduino6StringES0_S0_
                0x0000243c       0x58 C:\Users\alyas\AppData\Local\Temp\arduino\sketches\2C96ACFC6238EFED5EF299EF4E2321D9\sketch\AP.cpp.o
                0x0000243c                getSubstring(arduino::String, arduino::String, arduino::String)
 .text._Z12sendResponse10WiFiClient
                0x00002494       0x54 C:\Users\alyas\AppData\Local\Temp\arduino\sketches\2C96ACFC6238EFED5EF299EF4E2321D9\sketch\AP.cpp.o
                0x00002494                sendResponse(WiFiClient)
 .text._Z7loop_APRb
                0x000024e8      0x298 C:\Users\alyas\AppData\Local\Temp\arduino\sketches\2C96ACFC6238EFED5EF299EF4E2321D9\sketch\AP.cpp.o
                0x000024e8                loop_AP(bool&)
 .text.startup._GLOBAL__sub_I_htmlData2
                0x00002780       0x88 C:\Users\alyas\AppData\Local\Temp\arduino\sketches\2C96ACFC6238EFED5EF299EF4E2321D9\sketch\AP.cpp.o
 .text._Z8setup_APv
                0x00002808       0x90 C:\Users\alyas\AppData\Local\Temp\arduino\sketches\2C96ACFC6238EFED5EF299EF4E2321D9\sketch\AP.cpp.o
                0x00002808                setup_AP()
 .text._ZN6ButtonC2EiPb
                0x00002898       0x1e C:\Users\alyas\AppData\Local\Temp\arduino\sketches\2C96ACFC6238EFED5EF299EF4E2321D9\sketch\BTN.cpp.o
                0x00002898                Button::Button(int, bool*)
                0x00002898                Button::Button(int, bool*)
 .text._ZN6Button8getStateEv
                0x000028b6       0x12 C:\Users\alyas\AppData\Local\Temp\arduino\sketches\2C96ACFC6238EFED5EF299EF4E2321D9\sketch\BTN.cpp.o
                0x000028b6                Button::getState()
 .text._ZN6Button6updateEv
                0x000028c8       0x70 C:\Users\alyas\AppData\Local\Temp\arduino\sketches\2C96ACFC6238EFED5EF299EF4E2321D9\sketch\BTN.cpp.o
                0x000028c8                Button::update()
 .text._ZN3LEDC2Ei
                0x00002938       0x16 C:\Users\alyas\AppData\Local\Temp\arduino\sketches\2C96ACFC6238EFED5EF299EF4E2321D9\sketch\LED.cpp.o
                0x00002938                LED::LED(int)
                0x00002938                LED::LED(int)
 *fill*         0x0000294e        0x2 
 .text._ZN3LED6turnOnEv
                0x00002950       0x18 C:\Users\alyas\AppData\Local\Temp\arduino\sketches\2C96ACFC6238EFED5EF299EF4E2321D9\sketch\LED.cpp.o
                0x00002950                LED::turnOn()
 .text._ZN9WiFiClass7beginAPEPKch.part.2
                0x00002968       0x2c C:\Users\alyas\AppData\Local\Temp\arduino\sketches\2C96ACFC6238EFED5EF299EF4E2321D9\libraries\WiFiNINA\WiFi.cpp.o
 .text._ZN9WiFiClass7beginAPEPKcS1_h
                0x00002994       0x3c C:\Users\alyas\AppData\Local\Temp\arduino\sketches\2C96ACFC6238EFED5EF299EF4E2321D9\libraries\WiFiNINA\WiFi.cpp.o
                0x00002994                WiFiClass::beginAP(char const*, char const*, unsigned char)
 .text._ZN9WiFiClass7beginAPEPKcS1_
                0x000029d0        0xa C:\Users\alyas\AppData\Local\Temp\arduino\sketches\2C96ACFC6238EFED5EF299EF4E2321D9\libraries\WiFiNINA\WiFi.cpp.o
                0x000029d0                WiFiClass::beginAP(char const*, char const*)
 .text._ZN9WiFiClass15beginEnterpriseEPKcS1_S1_S1_S1_
                0x000029da       0x7e C:\Users\alyas\AppData\Local\Temp\arduino\sketches\2C96ACFC6238EFED5EF299EF4E2321D9\libraries\WiFiNINA\WiFi.cpp.o
                0x000029da                WiFiClass::beginEnterprise(char const*, char const*, char const*, char const*, char const*)
 .text._ZN9WiFiClass15beginEnterpriseEPKcS1_S1_S1_
                0x00002a58       0x14 C:\Users\alyas\AppData\Local\Temp\arduino\sketches\2C96ACFC6238EFED5EF299EF4E2321D9\libraries\WiFiNINA\WiFi.cpp.o
                0x00002a58                WiFiClass::beginEnterprise(char const*, char const*, char const*, char const*)
 .text._ZN9WiFiClass15beginEnterpriseEPKcS1_S1_
                0x00002a6c       0x10 C:\Users\alyas\AppData\Local\Temp\arduino\sketches\2C96ACFC6238EFED5EF299EF4E2321D9\libraries\WiFiNINA\WiFi.cpp.o
                0x00002a6c                WiFiClass::beginEnterprise(char const*, char const*, char const*)
 .text._ZN9WiFiClass7localIPEv
                0x00002a7c       0x12 C:\Users\alyas\AppData\Local\Temp\arduino\sketches\2C96ACFC6238EFED5EF299EF4E2321D9\libraries\WiFiNINA\WiFi.cpp.o
                0x00002a7c                WiFiClass::localIP()
 .text._ZN9WiFiClass4SSIDEv
                0x00002a8e        0x8 C:\Users\alyas\AppData\Local\Temp\arduino\sketches\2C96ACFC6238EFED5EF299EF4E2321D9\libraries\WiFiNINA\WiFi.cpp.o
                0x00002a8e                WiFiClass::SSID()
 .text._ZN9WiFiClass6statusEv
                0x00002a96        0x8 C:\Users\alyas\AppData\Local\Temp\arduino\sketches\2C96ACFC6238EFED5EF299EF4E2321D9\libraries\WiFiNINA\WiFi.cpp.o
                0x00002a96                WiFiClass::status()
 .text._ZN9WiFiClass10hostByNameEPKcRN7arduino9IPAddressE
                0x00002a9e        0xc C:\Users\alyas\AppData\Local\Temp\arduino\sketches\2C96ACFC6238EFED5EF299EF4E2321D9\libraries\WiFiNINA\WiFi.cpp.o
                0x00002a9e                WiFiClass::hostByName(char const*, arduino::IPAddress&)
 .text._ZN9WiFiClass12feedWatchdogEv
                0x00002aaa        0xc C:\Users\alyas\AppData\Local\Temp\arduino\sketches\2C96ACFC6238EFED5EF299EF4E2321D9\libraries\WiFiNINA\WiFi.cpp.o
                0x00002aaa                WiFiClass::feedWatchdog()
 .text._ZN9WiFiClass5beginEPKcS1_
                0x00002ab6       0x56 C:\Users\alyas\AppData\Local\Temp\arduino\sketches\2C96ACFC6238EFED5EF299EF4E2321D9\libraries\WiFiNINA\WiFi.cpp.o
                0x00002ab6                WiFiClass::begin(char const*, char const*)
 .text.startup._GLOBAL__sub_I__ZN9WiFiClassC2Ev
                0x00002b0c       0x14 C:\Users\alyas\AppData\Local\Temp\arduino\sketches\2C96ACFC6238EFED5EF299EF4E2321D9\libraries\WiFiNINA\WiFi.cpp.o
 .text._ZN10WiFiClient5writeEh
                0x00002b20       0x14 C:\Users\alyas\AppData\Local\Temp\arduino\sketches\2C96ACFC6238EFED5EF299EF4E2321D9\libraries\WiFiNINA\WiFiClient.cpp.o
                0x00002b20                WiFiClient::write(unsigned char)
 .text._ZN10WiFiClient8setRetryEb
                0x00002b34        0x4 C:\Users\alyas\AppData\Local\Temp\arduino\sketches\2C96ACFC6238EFED5EF299EF4E2321D9\libraries\WiFiNINA\WiFiClient.cpp.o
                0x00002b34                WiFiClient::setRetry(bool)
 .text._ZN10WiFiClient5flushEv
                0x00002b38        0x2 C:\Users\alyas\AppData\Local\Temp\arduino\sketches\2C96ACFC6238EFED5EF299EF4E2321D9\libraries\WiFiNINA\WiFiClient.cpp.o
                0x00002b38                WiFiClient::flush()
 .text._ZN10WiFiClientcvbEv
                0x00002b3a        0xc C:\Users\alyas\AppData\Local\Temp\arduino\sketches\2C96ACFC6238EFED5EF299EF4E2321D9\libraries\WiFiNINA\WiFiClient.cpp.o
                0x00002b3a                WiFiClient::operator bool()
 *fill*         0x00002b46        0x2 
 .text._ZN10WiFiClient7connectEPKct
                0x00002b48       0x40 C:\Users\alyas\AppData\Local\Temp\arduino\sketches\2C96ACFC6238EFED5EF299EF4E2321D9\libraries\WiFiNINA\WiFiClient.cpp.o
                0x00002b48                WiFiClient::connect(char const*, unsigned short)
 .text._ZN10WiFiClient7connectEN7arduino9IPAddressEt
                0x00002b88       0x78 C:\Users\alyas\AppData\Local\Temp\arduino\sketches\2C96ACFC6238EFED5EF299EF4E2321D9\libraries\WiFiNINA\WiFiClient.cpp.o
                0x00002b88                WiFiClient::connect(arduino::IPAddress, unsigned short)
 .text._ZN10WiFiClient10connectSSLEN7arduino9IPAddressEt
                0x00002c00       0x78 C:\Users\alyas\AppData\Local\Temp\arduino\sketches\2C96ACFC6238EFED5EF299EF4E2321D9\libraries\WiFiNINA\WiFiClient.cpp.o
                0x00002c00                WiFiClient::connectSSL(arduino::IPAddress, unsigned short)
 .text._ZN10WiFiClient14connectBearSSLEN7arduino9IPAddressEt
                0x00002c78       0x78 C:\Users\alyas\AppData\Local\Temp\arduino\sketches\2C96ACFC6238EFED5EF299EF4E2321D9\libraries\WiFiNINA\WiFiClient.cpp.o
                0x00002c78                WiFiClient::connectBearSSL(arduino::IPAddress, unsigned short)
 .text._ZN10WiFiClient10connectSSLEPKct
                0x00002cf0       0x84 C:\Users\alyas\AppData\Local\Temp\arduino\sketches\2C96ACFC6238EFED5EF299EF4E2321D9\libraries\WiFiNINA\WiFiClient.cpp.o
                0x00002cf0                WiFiClient::connectSSL(char const*, unsigned short)
 .text._ZN10WiFiClient14connectBearSSLEPKct
                0x00002d74       0x84 C:\Users\alyas\AppData\Local\Temp\arduino\sketches\2C96ACFC6238EFED5EF299EF4E2321D9\libraries\WiFiNINA\WiFiClient.cpp.o
                0x00002d74                WiFiClient::connectBearSSL(char const*, unsigned short)
 .text._ZN10WiFiClient5writeEPKhj
                0x00002df8       0x56 C:\Users\alyas\AppData\Local\Temp\arduino\sketches\2C96ACFC6238EFED5EF299EF4E2321D9\libraries\WiFiNINA\WiFiClient.cpp.o
                0x00002df8                WiFiClient::write(unsigned char const*, unsigned int)
 *fill*         0x00002e4e        0x2 
 .text._ZN10WiFiClient9availableEv
                0x00002e50       0x18 C:\Users\alyas\AppData\Local\Temp\arduino\sketches\2C96ACFC6238EFED5EF299EF4E2321D9\libraries\WiFiNINA\WiFiClient.cpp.o
                0x00002e50                WiFiClient::available()
 .text._ZN10WiFiClient4readEv
                0x00002e68       0x2c C:\Users\alyas\AppData\Local\Temp\arduino\sketches\2C96ACFC6238EFED5EF299EF4E2321D9\libraries\WiFiNINA\WiFiClient.cpp.o
                0x00002e68                WiFiClient::read()
 .text._ZN10WiFiClient4readEPhj
                0x00002e94       0x18 C:\Users\alyas\AppData\Local\Temp\arduino\sketches\2C96ACFC6238EFED5EF299EF4E2321D9\libraries\WiFiNINA\WiFiClient.cpp.o
                0x00002e94                WiFiClient::read(unsigned char*, unsigned int)
 .text._ZN10WiFiClient4peekEv
                0x00002eac       0x10 C:\Users\alyas\AppData\Local\Temp\arduino\sketches\2C96ACFC6238EFED5EF299EF4E2321D9\libraries\WiFiNINA\WiFiClient.cpp.o
                0x00002eac                WiFiClient::peek()
 .text._ZN10WiFiClient10remotePortEv
                0x00002ebc       0x22 C:\Users\alyas\AppData\Local\Temp\arduino\sketches\2C96ACFC6238EFED5EF299EF4E2321D9\libraries\WiFiNINA\WiFiClient.cpp.o
                0x00002ebc                WiFiClient::remotePort()
 .text._ZN10WiFiClient8remoteIPEv
                0x00002ede       0x20 C:\Users\alyas\AppData\Local\Temp\arduino\sketches\2C96ACFC6238EFED5EF299EF4E2321D9\libraries\WiFiNINA\WiFiClient.cpp.o
                0x00002ede                WiFiClient::remoteIP()
 .text._ZN10WiFiClient5retryEPKhjb
                0x00002efe       0x26 C:\Users\alyas\AppData\Local\Temp\arduino\sketches\2C96ACFC6238EFED5EF299EF4E2321D9\libraries\WiFiNINA\WiFiClient.cpp.o
                0x00002efe                WiFiClient::retry(unsigned char const*, unsigned int, bool)
 .text._ZN10WiFiClientC2Ev
                0x00002f24       0x20 C:\Users\alyas\AppData\Local\Temp\arduino\sketches\2C96ACFC6238EFED5EF299EF4E2321D9\libraries\WiFiNINA\WiFiClient.cpp.o
                0x00002f24                WiFiClient::WiFiClient()
                0x00002f24                WiFiClient::WiFiClient()
 .text._ZN10WiFiClientC2Eh
                0x00002f44       0x1c C:\Users\alyas\AppData\Local\Temp\arduino\sketches\2C96ACFC6238EFED5EF299EF4E2321D9\libraries\WiFiNINA\WiFiClient.cpp.o
                0x00002f44                WiFiClient::WiFiClient(unsigned char)
                0x00002f44                WiFiClient::WiFiClient(unsigned char)
 .text._ZN10WiFiClient6statusEv
                0x00002f60       0x12 C:\Users\alyas\AppData\Local\Temp\arduino\sketches\2C96ACFC6238EFED5EF299EF4E2321D9\libraries\WiFiNINA\WiFiClient.cpp.o
                0x00002f60                WiFiClient::status()
 *fill*         0x00002f72        0x2 
 .text._ZN10WiFiClient4stopEv
                0x00002f74       0x3c C:\Users\alyas\AppData\Local\Temp\arduino\sketches\2C96ACFC6238EFED5EF299EF4E2321D9\libraries\WiFiNINA\WiFiClient.cpp.o
                0x00002f74                WiFiClient::stop()
 .text._ZN10WiFiClient9connectedEv
                0x00002fb0       0x44 C:\Users\alyas\AppData\Local\Temp\arduino\sketches\2C96ACFC6238EFED5EF299EF4E2321D9\libraries\WiFiNINA\WiFiClient.cpp.o
                0x00002fb0                WiFiClient::connected()
 .text._ZN10WiFiServer5writeEh
                0x00002ff4       0x14 C:\Users\alyas\AppData\Local\Temp\arduino\sketches\2C96ACFC6238EFED5EF299EF4E2321D9\libraries\WiFiNINA\WiFiServer.cpp.o
                0x00002ff4                WiFiServer::write(unsigned char)
 .text._ZN10WiFiServer5beginEv
                0x00003008       0x1a C:\Users\alyas\AppData\Local\Temp\arduino\sketches\2C96ACFC6238EFED5EF299EF4E2321D9\libraries\WiFiNINA\WiFiServer.cpp.o
                0x00003008                WiFiServer::begin()
 .text._ZN10WiFiServer5writeEPKhj
                0x00003022       0x2a C:\Users\alyas\AppData\Local\Temp\arduino\sketches\2C96ACFC6238EFED5EF299EF4E2321D9\libraries\WiFiNINA\WiFiServer.cpp.o
                0x00003022                WiFiServer::write(unsigned char const*, unsigned int)
 .text._ZN10WiFiServerC2Et
                0x0000304c       0x18 C:\Users\alyas\AppData\Local\Temp\arduino\sketches\2C96ACFC6238EFED5EF299EF4E2321D9\libraries\WiFiNINA\WiFiServer.cpp.o
                0x0000304c                WiFiServer::WiFiServer(unsigned short)
                0x0000304c                WiFiServer::WiFiServer(unsigned short)
 .text._ZN10WiFiServer9availableEPh
                0x00003064       0x90 C:\Users\alyas\AppData\Local\Temp\arduino\sketches\2C96ACFC6238EFED5EF299EF4E2321D9\libraries\WiFiNINA\WiFiServer.cpp.o
                0x00003064                WiFiServer::available(unsigned char*)
 .text._ZN21WiFiSocketBufferClassC2Ev
                0x000030f4       0x10 C:\Users\alyas\AppData\Local\Temp\arduino\sketches\2C96ACFC6238EFED5EF299EF4E2321D9\libraries\WiFiNINA\utility\WiFiSocketBuffer.cpp.o
                0x000030f4                WiFiSocketBufferClass::WiFiSocketBufferClass()
                0x000030f4                WiFiSocketBufferClass::WiFiSocketBufferClass()
 .text._ZN21WiFiSocketBufferClass5closeEi
                0x00003104       0x1c C:\Users\alyas\AppData\Local\Temp\arduino\sketches\2C96ACFC6238EFED5EF299EF4E2321D9\libraries\WiFiNINA\utility\WiFiSocketBuffer.cpp.o
                0x00003104                WiFiSocketBufferClass::close(int)
 .text._ZN21WiFiSocketBufferClassD2Ev
                0x00003120       0x18 C:\Users\alyas\AppData\Local\Temp\arduino\sketches\2C96ACFC6238EFED5EF299EF4E2321D9\libraries\WiFiNINA\utility\WiFiSocketBuffer.cpp.o
                0x00003120                WiFiSocketBufferClass::~WiFiSocketBufferClass()
                0x00003120                WiFiSocketBufferClass::~WiFiSocketBufferClass()
 .text._ZN21WiFiSocketBufferClass9availableEi
                0x00003138       0x58 C:\Users\alyas\AppData\Local\Temp\arduino\sketches\2C96ACFC6238EFED5EF299EF4E2321D9\libraries\WiFiNINA\utility\WiFiSocketBuffer.cpp.o
                0x00003138                WiFiSocketBufferClass::available(int)
 .text._ZN21WiFiSocketBufferClass4peekEi
                0x00003190       0x20 C:\Users\alyas\AppData\Local\Temp\arduino\sketches\2C96ACFC6238EFED5EF299EF4E2321D9\libraries\WiFiNINA\utility\WiFiSocketBuffer.cpp.o
                0x00003190                WiFiSocketBufferClass::peek(int)
 .text._ZN21WiFiSocketBufferClass4readEiPhj
                0x000031b0       0x38 C:\Users\alyas\AppData\Local\Temp\arduino\sketches\2C96ACFC6238EFED5EF299EF4E2321D9\libraries\WiFiNINA\utility\WiFiSocketBuffer.cpp.o
                0x000031b0                WiFiSocketBufferClass::read(int, unsigned char*, unsigned int)
 .text.startup._GLOBAL__sub_I__ZN21WiFiSocketBufferClassC2Ev
                0x000031e8       0x24 C:\Users\alyas\AppData\Local\Temp\arduino\sketches\2C96ACFC6238EFED5EF299EF4E2321D9\libraries\WiFiNINA\utility\WiFiSocketBuffer.cpp.o
 .text._ZN9ServerDrv11startServerEthh
                0x0000320c       0x7c C:\Users\alyas\AppData\Local\Temp\arduino\sketches\2C96ACFC6238EFED5EF299EF4E2321D9\libraries\WiFiNINA\utility\server_drv.cpp.o
                0x0000320c                ServerDrv::startServer(unsigned short, unsigned char, unsigned char)
 .text._ZN9ServerDrv11startClientEmthh
                0x00003288       0x84 C:\Users\alyas\AppData\Local\Temp\arduino\sketches\2C96ACFC6238EFED5EF299EF4E2321D9\libraries\WiFiNINA\utility\server_drv.cpp.o
                0x00003288                ServerDrv::startClient(unsigned long, unsigned short, unsigned char, unsigned char)
 .text._ZN9ServerDrv11startClientEPKchmthh
                0x0000330c       0xa8 C:\Users\alyas\AppData\Local\Temp\arduino\sketches\2C96ACFC6238EFED5EF299EF4E2321D9\libraries\WiFiNINA\utility\server_drv.cpp.o
                0x0000330c                ServerDrv::startClient(char const*, unsigned char, unsigned long, unsigned short, unsigned char, unsigned char)
 .text._ZN9ServerDrv10stopClientEh
                0x000033b4       0x68 C:\Users\alyas\AppData\Local\Temp\arduino\sketches\2C96ACFC6238EFED5EF299EF4E2321D9\libraries\WiFiNINA\utility\server_drv.cpp.o
                0x000033b4                ServerDrv::stopClient(unsigned char)
 .text._ZN9ServerDrv14getClientStateEh
                0x0000341c       0x6c C:\Users\alyas\AppData\Local\Temp\arduino\sketches\2C96ACFC6238EFED5EF299EF4E2321D9\libraries\WiFiNINA\utility\server_drv.cpp.o
                0x0000341c                ServerDrv::getClientState(unsigned char)
 .text._ZN9ServerDrv11availServerEh
                0x00003488       0x78 C:\Users\alyas\AppData\Local\Temp\arduino\sketches\2C96ACFC6238EFED5EF299EF4E2321D9\libraries\WiFiNINA\utility\server_drv.cpp.o
                0x00003488                ServerDrv::availServer(unsigned char)
 .text._ZN9ServerDrv10getDataBufEhPhPt
                0x00003500       0x78 C:\Users\alyas\AppData\Local\Temp\arduino\sketches\2C96ACFC6238EFED5EF299EF4E2321D9\libraries\WiFiNINA\utility\server_drv.cpp.o
                0x00003500                ServerDrv::getDataBuf(unsigned char, unsigned char*, unsigned short*)
 .text._ZN9ServerDrv8sendDataEhPKht
                0x00003578       0x84 C:\Users\alyas\AppData\Local\Temp\arduino\sketches\2C96ACFC6238EFED5EF299EF4E2321D9\libraries\WiFiNINA\utility\server_drv.cpp.o
                0x00003578                ServerDrv::sendData(unsigned char, unsigned char const*, unsigned short)
 .text._ZN9ServerDrv13checkDataSentEh
                0x000035fc       0x98 C:\Users\alyas\AppData\Local\Temp\arduino\sketches\2C96ACFC6238EFED5EF299EF4E2321D9\libraries\WiFiNINA\utility\server_drv.cpp.o
                0x000035fc                ServerDrv::checkDataSent(unsigned char)
 .text._ZN9ServerDrv9getSocketEv
                0x00003694       0x54 C:\Users\alyas\AppData\Local\Temp\arduino\sketches\2C96ACFC6238EFED5EF299EF4E2321D9\libraries\WiFiNINA\utility\server_drv.cpp.o
                0x00003694                ServerDrv::getSocket()
 .text._ZN6SpiDrv17waitForSlaveReadyEb
                0x000036e8       0x3c C:\Users\alyas\AppData\Local\Temp\arduino\sketches\2C96ACFC6238EFED5EF299EF4E2321D9\libraries\WiFiNINA\utility\spi_drv.cpp.o
                0x000036e8                SpiDrv::waitForSlaveReady(bool)
 .text._ZN6SpiDrv9availableEv
                0x00003724        0xe C:\Users\alyas\AppData\Local\Temp\arduino\sketches\2C96ACFC6238EFED5EF299EF4E2321D9\libraries\WiFiNINA\utility\spi_drv.cpp.o
                0x00003724                SpiDrv::available()
 *fill*         0x00003732        0x2 
 .text._ZN6SpiDrv5beginEv
                0x00003734       0xb0 C:\Users\alyas\AppData\Local\Temp\arduino\sketches\2C96ACFC6238EFED5EF299EF4E2321D9\libraries\WiFiNINA\utility\spi_drv.cpp.o
                0x00003734                SpiDrv::begin()
 .text._ZN6SpiDrv14spiSlaveSelectEv
                0x000037e4       0x50 C:\Users\alyas\AppData\Local\Temp\arduino\sketches\2C96ACFC6238EFED5EF299EF4E2321D9\libraries\WiFiNINA\utility\spi_drv.cpp.o
                0x000037e4                SpiDrv::spiSlaveSelect()
 .text._ZN6SpiDrv16spiSlaveDeselectEv
                0x00003834       0x1c C:\Users\alyas\AppData\Local\Temp\arduino\sketches\2C96ACFC6238EFED5EF299EF4E2321D9\libraries\WiFiNINA\utility\spi_drv.cpp.o
                0x00003834                SpiDrv::spiSlaveDeselect()
 .text._ZN6SpiDrv11spiTransferEc
                0x00003850       0x18 C:\Users\alyas\AppData\Local\Temp\arduino\sketches\2C96ACFC6238EFED5EF299EF4E2321D9\libraries\WiFiNINA\utility\spi_drv.cpp.o
                0x00003850                SpiDrv::spiTransfer(char)
 .text._ZN6SpiDrv8getParamEPh
                0x00003868        0xe C:\Users\alyas\AppData\Local\Temp\arduino\sketches\2C96ACFC6238EFED5EF299EF4E2321D9\libraries\WiFiNINA\utility\spi_drv.cpp.o
                0x00003868                SpiDrv::getParam(unsigned char*)
 .text._ZN6SpiDrv16readAndCheckCharEcPc
                0x00003876       0x16 C:\Users\alyas\AppData\Local\Temp\arduino\sketches\2C96ACFC6238EFED5EF299EF4E2321D9\libraries\WiFiNINA\utility\spi_drv.cpp.o
                0x00003876                SpiDrv::readAndCheckChar(char, char*)
 .text._ZN6SpiDrv8readCharEv
                0x0000388c       0x14 C:\Users\alyas\AppData\Local\Temp\arduino\sketches\2C96ACFC6238EFED5EF299EF4E2321D9\libraries\WiFiNINA\utility\spi_drv.cpp.o
                0x0000388c                SpiDrv::readChar()
 .text._ZN6SpiDrv11waitSpiCharEh
                0x000038a0       0x2c C:\Users\alyas\AppData\Local\Temp\arduino\sketches\2C96ACFC6238EFED5EF299EF4E2321D9\libraries\WiFiNINA\utility\spi_drv.cpp.o
                0x000038a0                SpiDrv::waitSpiChar(unsigned char)
 .text._ZN6SpiDrv9sendParamEPhhh
                0x000038cc       0x2c C:\Users\alyas\AppData\Local\Temp\arduino\sketches\2C96ACFC6238EFED5EF299EF4E2321D9\libraries\WiFiNINA\utility\spi_drv.cpp.o
                0x000038cc                SpiDrv::sendParam(unsigned char*, unsigned char, unsigned char)
 .text._ZN6SpiDrv14sendParamLen16Et
                0x000038f8       0x12 C:\Users\alyas\AppData\Local\Temp\arduino\sketches\2C96ACFC6238EFED5EF299EF4E2321D9\libraries\WiFiNINA\utility\spi_drv.cpp.o
                0x000038f8                SpiDrv::sendParamLen16(unsigned short)
 .text._ZN6SpiDrv13readParamLen8EPh
                0x0000390a       0x12 C:\Users\alyas\AppData\Local\Temp\arduino\sketches\2C96ACFC6238EFED5EF299EF4E2321D9\libraries\WiFiNINA\utility\spi_drv.cpp.o
                0x0000390a                SpiDrv::readParamLen8(unsigned char*)
 .text._ZN6SpiDrv15waitResponseCmdEhhPhS0_
                0x0000391c       0x68 C:\Users\alyas\AppData\Local\Temp\arduino\sketches\2C96ACFC6238EFED5EF299EF4E2321D9\libraries\WiFiNINA\utility\spi_drv.cpp.o
                0x0000391c                SpiDrv::waitResponseCmd(unsigned char, unsigned char, unsigned char*, unsigned char*)
 .text._ZN6SpiDrv17waitResponseData8EhPhS0_
                0x00003984       0x5e C:\Users\alyas\AppData\Local\Temp\arduino\sketches\2C96ACFC6238EFED5EF299EF4E2321D9\libraries\WiFiNINA\utility\spi_drv.cpp.o
                0x00003984                SpiDrv::waitResponseData8(unsigned char, unsigned char*, unsigned char*)
 .text._ZN6SpiDrv18waitResponseParamsEhhP6tParam
                0x000039e2       0x94 C:\Users\alyas\AppData\Local\Temp\arduino\sketches\2C96ACFC6238EFED5EF299EF4E2321D9\libraries\WiFiNINA\utility\spi_drv.cpp.o
                0x000039e2                SpiDrv::waitResponseParams(unsigned char, unsigned char, tParam*)
 .text._ZN6SpiDrv14readParamLen16EPt
                0x00003a76       0x20 C:\Users\alyas\AppData\Local\Temp\arduino\sketches\2C96ACFC6238EFED5EF299EF4E2321D9\libraries\WiFiNINA\utility\spi_drv.cpp.o
                0x00003a76                SpiDrv::readParamLen16(unsigned short*)
 .text._ZN6SpiDrv18waitResponseData16EhPhPt
                0x00003a96       0x64 C:\Users\alyas\AppData\Local\Temp\arduino\sketches\2C96ACFC6238EFED5EF299EF4E2321D9\libraries\WiFiNINA\utility\spi_drv.cpp.o
                0x00003a96                SpiDrv::waitResponseData16(unsigned char, unsigned char*, unsigned short*)
 .text._ZN6SpiDrv10sendBufferEPhth
                0x00003afa       0x2a C:\Users\alyas\AppData\Local\Temp\arduino\sketches\2C96ACFC6238EFED5EF299EF4E2321D9\libraries\WiFiNINA\utility\spi_drv.cpp.o
                0x00003afa                SpiDrv::sendBuffer(unsigned char*, unsigned short, unsigned char)
 .text._ZN6SpiDrv9sendParamEth
                0x00003b24       0x24 C:\Users\alyas\AppData\Local\Temp\arduino\sketches\2C96ACFC6238EFED5EF299EF4E2321D9\libraries\WiFiNINA\utility\spi_drv.cpp.o
                0x00003b24                SpiDrv::sendParam(unsigned short, unsigned char)
 .text._ZN6SpiDrv7sendCmdEhh
                0x00003b48       0x26 C:\Users\alyas\AppData\Local\Temp\arduino\sketches\2C96ACFC6238EFED5EF299EF4E2321D9\libraries\WiFiNINA\utility\spi_drv.cpp.o
                0x00003b48                SpiDrv::sendCmd(unsigned char, unsigned char)
 *fill*         0x00003b6e        0x2 
 .text._ZN7WiFiDrv14getNetworkDataEPhS0_S0_
                0x00003b70       0x9c C:\Users\alyas\AppData\Local\Temp\arduino\sketches\2C96ACFC6238EFED5EF299EF4E2321D9\libraries\WiFiNINA\utility\wifi_drv.cpp.o
                0x00003b70                WiFiDrv::getNetworkData(unsigned char*, unsigned char*, unsigned char*)
 .text._ZN7WiFiDrv13getRemoteDataEhPhS0_
                0x00003c0c       0x88 C:\Users\alyas\AppData\Local\Temp\arduino\sketches\2C96ACFC6238EFED5EF299EF4E2321D9\libraries\WiFiNINA\utility\wifi_drv.cpp.o
                0x00003c0c                WiFiDrv::getRemoteData(unsigned char, unsigned char*, unsigned char*)
 .text._ZN7WiFiDrv17wifiSetPassphraseEPKchS1_h
                0x00003c94       0x88 C:\Users\alyas\AppData\Local\Temp\arduino\sketches\2C96ACFC6238EFED5EF299EF4E2321D9\libraries\WiFiNINA\utility\wifi_drv.cpp.o
                0x00003c94                WiFiDrv::wifiSetPassphrase(char const*, unsigned char, char const*, unsigned char)
 .text._ZN7WiFiDrv19getConnectionStatusEv
                0x00003d1c       0x54 C:\Users\alyas\AppData\Local\Temp\arduino\sketches\2C96ACFC6238EFED5EF299EF4E2321D9\libraries\WiFiNINA\utility\wifi_drv.cpp.o
                0x00003d1c                WiFiDrv::getConnectionStatus()
 .text._ZN7WiFiDrv12getIpAddressERN7arduino9IPAddressE
                0x00003d70       0x28 C:\Users\alyas\AppData\Local\Temp\arduino\sketches\2C96ACFC6238EFED5EF299EF4E2321D9\libraries\WiFiNINA\utility\wifi_drv.cpp.o
                0x00003d70                WiFiDrv::getIpAddress(arduino::IPAddress&)
 .text._ZN7WiFiDrv14getCurrentSSIDEv
                0x00003d98       0x74 C:\Users\alyas\AppData\Local\Temp\arduino\sketches\2C96ACFC6238EFED5EF299EF4E2321D9\libraries\WiFiNINA\utility\wifi_drv.cpp.o
                0x00003d98                WiFiDrv::getCurrentSSID()
 .text._ZN7WiFiDrv13reqHostByNameEPKc
                0x00003e0c       0x88 C:\Users\alyas\AppData\Local\Temp\arduino\sketches\2C96ACFC6238EFED5EF299EF4E2321D9\libraries\WiFiNINA\utility\wifi_drv.cpp.o
                0x00003e0c                WiFiDrv::reqHostByName(char const*)
 .text._ZN7WiFiDrv13getHostByNameERN7arduino9IPAddressE
                0x00003e94       0x78 C:\Users\alyas\AppData\Local\Temp\arduino\sketches\2C96ACFC6238EFED5EF299EF4E2321D9\libraries\WiFiNINA\utility\wifi_drv.cpp.o
                0x00003e94                WiFiDrv::getHostByName(arduino::IPAddress&)
 .text._ZN7WiFiDrv13getHostByNameEPKcRN7arduino9IPAddressE
                0x00003f0c       0x18 C:\Users\alyas\AppData\Local\Temp\arduino\sketches\2C96ACFC6238EFED5EF299EF4E2321D9\libraries\WiFiNINA\utility\wifi_drv.cpp.o
                0x00003f0c                WiFiDrv::getHostByName(char const*, arduino::IPAddress&)
 .text._ZN7WiFiDrv19wifiSetApPassphraseEPKchS1_hh
                0x00003f24       0x94 C:\Users\alyas\AppData\Local\Temp\arduino\sketches\2C96ACFC6238EFED5EF299EF4E2321D9\libraries\WiFiNINA\utility\wifi_drv.cpp.o
                0x00003f24                WiFiDrv::wifiSetApPassphrase(char const*, unsigned char, char const*, unsigned char, unsigned char)
 .text._ZN7WiFiDrv17wifiSetEnterpriseEhPKchS1_hS1_hS1_hS1_t
                0x00003fb8       0xdc C:\Users\alyas\AppData\Local\Temp\arduino\sketches\2C96ACFC6238EFED5EF299EF4E2321D9\libraries\WiFiNINA\utility\wifi_drv.cpp.o
                0x00003fb8                WiFiDrv::wifiSetEnterprise(unsigned char, char const*, unsigned char, char const*, unsigned char, char const*, unsigned char, char const*, unsigned char, char const*, unsigned short)
 .text._ZN12SPIClassSAMD8transferEPvj
                0x00004094       0x1e C:\Users\alyas\AppData\Local\Temp\arduino\sketches\2C96ACFC6238EFED5EF299EF4E2321D9\libraries\SPI\SPI.cpp.o
                0x00004094                SPIClassSAMD::transfer(void*, unsigned int)
 .text._ZN12SPIClassSAMD15attachInterruptEv
                0x000040b2        0x2 C:\Users\alyas\AppData\Local\Temp\arduino\sketches\2C96ACFC6238EFED5EF299EF4E2321D9\libraries\SPI\SPI.cpp.o
                0x000040b2                SPIClassSAMD::detachInterrupt()
                0x000040b2                SPIClassSAMD::attachInterrupt()
 .text._ZN12SPIClassSAMDD2Ev
                0x000040b4        0x2 C:\Users\alyas\AppData\Local\Temp\arduino\sketches\2C96ACFC6238EFED5EF299EF4E2321D9\libraries\SPI\SPI.cpp.o
                0x000040b4                SPIClassSAMD::~SPIClassSAMD()
                0x000040b4                SPIClassSAMD::~SPIClassSAMD()
 .text._ZN12SPIClassSAMD3endEv
                0x000040b6       0x10 C:\Users\alyas\AppData\Local\Temp\arduino\sketches\2C96ACFC6238EFED5EF299EF4E2321D9\libraries\SPI\SPI.cpp.o
                0x000040b6                SPIClassSAMD::end()
 .text._ZN12SPIClassSAMD8transferEh
                0x000040c6        0xa C:\Users\alyas\AppData\Local\Temp\arduino\sketches\2C96ACFC6238EFED5EF299EF4E2321D9\libraries\SPI\SPI.cpp.o
                0x000040c6                SPIClassSAMD::transfer(unsigned char)
 .text._ZN12SPIClassSAMD10transfer16Et
                0x000040d0       0x58 C:\Users\alyas\AppData\Local\Temp\arduino\sketches\2C96ACFC6238EFED5EF299EF4E2321D9\libraries\SPI\SPI.cpp.o
                0x000040d0                SPIClassSAMD::transfer16(unsigned short)
 .text._ZN12SPIClassSAMDD0Ev
                0x00004128        0xc C:\Users\alyas\AppData\Local\Temp\arduino\sketches\2C96ACFC6238EFED5EF299EF4E2321D9\libraries\SPI\SPI.cpp.o
                0x00004128                SPIClassSAMD::~SPIClassSAMD()
 .text._ZN12SPIClassSAMD14usingInterruptEi
                0x00004134       0x44 C:\Users\alyas\AppData\Local\Temp\arduino\sketches\2C96ACFC6238EFED5EF299EF4E2321D9\libraries\SPI\SPI.cpp.o
                0x00004134                SPIClassSAMD::usingInterrupt(int)
 .text._ZN12SPIClassSAMD17notUsingInterruptEi
                0x00004178       0x3c C:\Users\alyas\AppData\Local\Temp\arduino\sketches\2C96ACFC6238EFED5EF299EF4E2321D9\libraries\SPI\SPI.cpp.o
                0x00004178                SPIClassSAMD::notUsingInterrupt(int)
 .text._ZN12SPIClassSAMD14endTransactionEv
                0x000041b4       0x28 C:\Users\alyas\AppData\Local\Temp\arduino\sketches\2C96ACFC6238EFED5EF299EF4E2321D9\libraries\SPI\SPI.cpp.o
                0x000041b4                SPIClassSAMD::endTransaction()
 .text._ZN12SPIClassSAMD4initEv
                0x000041dc       0x12 C:\Users\alyas\AppData\Local\Temp\arduino\sketches\2C96ACFC6238EFED5EF299EF4E2321D9\libraries\SPI\SPI.cpp.o
                0x000041dc                SPIClassSAMD::init()
 *fill*         0x000041ee        0x2 
 .text._ZN12SPIClassSAMD6configEN7arduino11SPISettingsE
                0x000041f0       0x74 C:\Users\alyas\AppData\Local\Temp\arduino\sketches\2C96ACFC6238EFED5EF299EF4E2321D9\libraries\SPI\SPI.cpp.o
                0x000041f0                SPIClassSAMD::config(arduino::SPISettings)
 .text._ZN12SPIClassSAMD5beginEv
                0x00004264       0x50 C:\Users\alyas\AppData\Local\Temp\arduino\sketches\2C96ACFC6238EFED5EF299EF4E2321D9\libraries\SPI\SPI.cpp.o
                0x00004264                SPIClassSAMD::begin()
 .text._ZN12SPIClassSAMD16beginTransactionEN7arduino11SPISettingsE
                0x000042b4       0x38 C:\Users\alyas\AppData\Local\Temp\arduino\sketches\2C96ACFC6238EFED5EF299EF4E2321D9\libraries\SPI\SPI.cpp.o
                0x000042b4                SPIClassSAMD::beginTransaction(arduino::SPISettings)
 .text.startup._GLOBAL__sub_I__ZN12SPIClassSAMDC2EP6SERCOMhhh14SercomSpiTXPad11SercomRXPad
                0x000042ec       0x98 C:\Users\alyas\AppData\Local\Temp\arduino\sketches\2C96ACFC6238EFED5EF299EF4E2321D9\libraries\SPI\SPI.cpp.o
 .text.PINCOUNT_fn
                0x00004384        0x4 C:\Users\alyas\AppData\Local\Temp\arduino\sketches\2C96ACFC6238EFED5EF299EF4E2321D9\core\variant.cpp.o
                0x00004384                PINCOUNT_fn
 .text.initVariant
                0x00004388       0x24 C:\Users\alyas\AppData\Local\Temp\arduino\sketches\2C96ACFC6238EFED5EF299EF4E2321D9\core\variant.cpp.o
                0x00004388                initVariant
 .text.SERCOM5_Handler
                0x000043ac       0x10 C:\Users\alyas\AppData\Local\Temp\arduino\sketches\2C96ACFC6238EFED5EF299EF4E2321D9\core\variant.cpp.o
                0x000043ac                SERCOM5_Handler
 .text.SERCOM3_Handler
                0x000043bc       0x10 C:\Users\alyas\AppData\Local\Temp\arduino\sketches\2C96ACFC6238EFED5EF299EF4E2321D9\core\variant.cpp.o
                0x000043bc                SERCOM3_Handler
 .text.SERCOM2_Handler
                0x000043cc       0x10 C:\Users\alyas\AppData\Local\Temp\arduino\sketches\2C96ACFC6238EFED5EF299EF4E2321D9\core\variant.cpp.o
                0x000043cc                SERCOM2_Handler
 .text.startup._GLOBAL__sub_I_g_APinDescription
                0x000043dc       0xbc C:\Users\alyas\AppData\Local\Temp\arduino\sketches\2C96ACFC6238EFED5EF299EF4E2321D9\core\variant.cpp.o
 .text._ZN6SERCOMC2EP6Sercom
                0x00004498        0x8 C:\Users\alyas\AppData\Local\Temp\arduino\sketches\2C96ACFC6238EFED5EF299EF4E2321D9/..\..\cores\arduino_samd_nano_33_iot_34f1bda89f285c6fb8306d09183da2d7\core.a(SERCOM.cpp.o)
                0x00004498                SERCOM::SERCOM(Sercom*)
                0x00004498                SERCOM::SERCOM(Sercom*)
 .text._ZN6SERCOM9initFrameE18SercomUartCharSize15SercomDataOrder16SercomParityMode19SercomNumberStopBit
                0x000044a0       0x3a C:\Users\alyas\AppData\Local\Temp\arduino\sketches\2C96ACFC6238EFED5EF299EF4E2321D9/..\..\cores\arduino_samd_nano_33_iot_34f1bda89f285c6fb8306d09183da2d7\core.a(SERCOM.cpp.o)
                0x000044a0                SERCOM::initFrame(SercomUartCharSize, SercomDataOrder, SercomParityMode, SercomNumberStopBit)
 .text._ZN6SERCOM8initPadsE15SercomUartTXPad11SercomRXPad
                0x000044da       0x26 C:\Users\alyas\AppData\Local\Temp\arduino\sketches\2C96ACFC6238EFED5EF299EF4E2321D9/..\..\cores\arduino_samd_nano_33_iot_34f1bda89f285c6fb8306d09183da2d7\core.a(SERCOM.cpp.o)
                0x000044da                SERCOM::initPads(SercomUartTXPad, SercomRXPad)
 .text._ZN6SERCOM9resetUARTEv
                0x00004500       0x1a C:\Users\alyas\AppData\Local\Temp\arduino\sketches\2C96ACFC6238EFED5EF299EF4E2321D9/..\..\cores\arduino_samd_nano_33_iot_34f1bda89f285c6fb8306d09183da2d7\core.a(SERCOM.cpp.o)
                0x00004500                SERCOM::resetUART()
 .text._ZN6SERCOM10enableUARTEv
                0x0000451a       0x14 C:\Users\alyas\AppData\Local\Temp\arduino\sketches\2C96ACFC6238EFED5EF299EF4E2321D9/..\..\cores\arduino_samd_nano_33_iot_34f1bda89f285c6fb8306d09183da2d7\core.a(SERCOM.cpp.o)
                0x0000451a                SERCOM::enableUART()
 .text._ZN6SERCOM9flushUARTEv
                0x0000452e       0x14 C:\Users\alyas\AppData\Local\Temp\arduino\sketches\2C96ACFC6238EFED5EF299EF4E2321D9/..\..\cores\arduino_samd_nano_33_iot_34f1bda89f285c6fb8306d09183da2d7\core.a(SERCOM.cpp.o)
                0x0000452e                SERCOM::flushUART()
 .text._ZN6SERCOM15clearStatusUARTEv
                0x00004542        0x8 C:\Users\alyas\AppData\Local\Temp\arduino\sketches\2C96ACFC6238EFED5EF299EF4E2321D9/..\..\cores\arduino_samd_nano_33_iot_34f1bda89f285c6fb8306d09183da2d7\core.a(SERCOM.cpp.o)
                0x00004542                SERCOM::clearStatusUART()
 .text._ZN6SERCOM17availableDataUARTEv
                0x0000454a        0xa C:\Users\alyas\AppData\Local\Temp\arduino\sketches\2C96ACFC6238EFED5EF299EF4E2321D9/..\..\cores\arduino_samd_nano_33_iot_34f1bda89f285c6fb8306d09183da2d7\core.a(SERCOM.cpp.o)
                0x0000454a                SERCOM::availableDataUART()
 .text._ZN6SERCOM11isUARTErrorEv
                0x00004554        0x8 C:\Users\alyas\AppData\Local\Temp\arduino\sketches\2C96ACFC6238EFED5EF299EF4E2321D9/..\..\cores\arduino_samd_nano_33_iot_34f1bda89f285c6fb8306d09183da2d7\core.a(SERCOM.cpp.o)
                0x00004554                SERCOM::isUARTError()
 .text._ZN6SERCOM20acknowledgeUARTErrorEv
                0x0000455c        0xe C:\Users\alyas\AppData\Local\Temp\arduino\sketches\2C96ACFC6238EFED5EF299EF4E2321D9/..\..\cores\arduino_samd_nano_33_iot_34f1bda89f285c6fb8306d09183da2d7\core.a(SERCOM.cpp.o)
                0x0000455c                SERCOM::acknowledgeUARTError()
 .text._ZN6SERCOM16isFrameErrorUARTEv
                0x0000456a        0xa C:\Users\alyas\AppData\Local\Temp\arduino\sketches\2C96ACFC6238EFED5EF299EF4E2321D9/..\..\cores\arduino_samd_nano_33_iot_34f1bda89f285c6fb8306d09183da2d7\core.a(SERCOM.cpp.o)
                0x0000456a                SERCOM::isFrameErrorUART()
 .text._ZN6SERCOM19clearFrameErrorUARTEv
                0x00004574        0xc C:\Users\alyas\AppData\Local\Temp\arduino\sketches\2C96ACFC6238EFED5EF299EF4E2321D9/..\..\cores\arduino_samd_nano_33_iot_34f1bda89f285c6fb8306d09183da2d7\core.a(SERCOM.cpp.o)
                0x00004574                SERCOM::clearFrameErrorUART()
 .text._ZN6SERCOM23isDataRegisterEmptyUARTEv
                0x00004580        0xa C:\Users\alyas\AppData\Local\Temp\arduino\sketches\2C96ACFC6238EFED5EF299EF4E2321D9/..\..\cores\arduino_samd_nano_33_iot_34f1bda89f285c6fb8306d09183da2d7\core.a(SERCOM.cpp.o)
                0x00004580                SERCOM::isDataRegisterEmptyUART()
 .text._ZN6SERCOM12readDataUARTEv
                0x0000458a        0x8 C:\Users\alyas\AppData\Local\Temp\arduino\sketches\2C96ACFC6238EFED5EF299EF4E2321D9/..\..\cores\arduino_samd_nano_33_iot_34f1bda89f285c6fb8306d09183da2d7\core.a(SERCOM.cpp.o)
                0x0000458a                SERCOM::readDataUART()
 .text._ZN6SERCOM13writeDataUARTEh
                0x00004592       0x14 C:\Users\alyas\AppData\Local\Temp\arduino\sketches\2C96ACFC6238EFED5EF299EF4E2321D9/..\..\cores\arduino_samd_nano_33_iot_34f1bda89f285c6fb8306d09183da2d7\core.a(SERCOM.cpp.o)
                0x00004592                SERCOM::writeDataUART(unsigned char)
 .text._ZN6SERCOM36enableDataRegisterEmptyInterruptUARTEv
                0x000045a6        0x8 C:\Users\alyas\AppData\Local\Temp\arduino\sketches\2C96ACFC6238EFED5EF299EF4E2321D9/..\..\cores\arduino_samd_nano_33_iot_34f1bda89f285c6fb8306d09183da2d7\core.a(SERCOM.cpp.o)
                0x000045a6                SERCOM::enableDataRegisterEmptyInterruptUART()
 .text._ZN6SERCOM37disableDataRegisterEmptyInterruptUARTEv
                0x000045ae        0x8 C:\Users\alyas\AppData\Local\Temp\arduino\sketches\2C96ACFC6238EFED5EF299EF4E2321D9/..\..\cores\arduino_samd_nano_33_iot_34f1bda89f285c6fb8306d09183da2d7\core.a(SERCOM.cpp.o)
                0x000045ae                SERCOM::disableDataRegisterEmptyInterruptUART()
 *fill*         0x000045b6        0x2 
 .text._ZN6SERCOM12initSPIClockE18SercomSpiClockModem
                0x000045b8       0x30 C:\Users\alyas\AppData\Local\Temp\arduino\sketches\2C96ACFC6238EFED5EF299EF4E2321D9/..\..\cores\arduino_samd_nano_33_iot_34f1bda89f285c6fb8306d09183da2d7\core.a(SERCOM.cpp.o)
                0x000045b8                SERCOM::initSPIClock(SercomSpiClockMode, unsigned long)
 .text._ZN6SERCOM8resetSPIEv
                0x000045e8       0x1a C:\Users\alyas\AppData\Local\Temp\arduino\sketches\2C96ACFC6238EFED5EF299EF4E2321D9/..\..\cores\arduino_samd_nano_33_iot_34f1bda89f285c6fb8306d09183da2d7\core.a(SERCOM.cpp.o)
                0x000045e8                SERCOM::resetSPI()
 .text._ZN6SERCOM9enableSPIEv
                0x00004602       0x14 C:\Users\alyas\AppData\Local\Temp\arduino\sketches\2C96ACFC6238EFED5EF299EF4E2321D9/..\..\cores\arduino_samd_nano_33_iot_34f1bda89f285c6fb8306d09183da2d7\core.a(SERCOM.cpp.o)
                0x00004602                SERCOM::enableSPI()
 .text._ZN6SERCOM10disableSPIEv
                0x00004616       0x12 C:\Users\alyas\AppData\Local\Temp\arduino\sketches\2C96ACFC6238EFED5EF299EF4E2321D9/..\..\cores\arduino_samd_nano_33_iot_34f1bda89f285c6fb8306d09183da2d7\core.a(SERCOM.cpp.o)
                0x00004616                SERCOM::disableSPI()
 .text._ZN6SERCOM15getDataOrderSPIEv
                0x00004628        0xa C:\Users\alyas\AppData\Local\Temp\arduino\sketches\2C96ACFC6238EFED5EF299EF4E2321D9/..\..\cores\arduino_samd_nano_33_iot_34f1bda89f285c6fb8306d09183da2d7\core.a(SERCOM.cpp.o)
                0x00004628                SERCOM::getDataOrderSPI()
 .text._ZN6SERCOM15transferDataSPIEh
                0x00004632       0x1a C:\Users\alyas\AppData\Local\Temp\arduino\sketches\2C96ACFC6238EFED5EF299EF4E2321D9/..\..\cores\arduino_samd_nano_33_iot_34f1bda89f285c6fb8306d09183da2d7\core.a(SERCOM.cpp.o)
                0x00004632                SERCOM::transferDataSPI(unsigned char)
 .text._ZN6SERCOM13initClockNVICEv
                0x0000464c       0xa8 C:\Users\alyas\AppData\Local\Temp\arduino\sketches\2C96ACFC6238EFED5EF299EF4E2321D9/..\..\cores\arduino_samd_nano_33_iot_34f1bda89f285c6fb8306d09183da2d7\core.a(SERCOM.cpp.o)
                0x0000464c                SERCOM::initClockNVIC()
 .text._ZN6SERCOM8initUARTE14SercomUartMode20SercomUartSampleRatem
                0x000046f4       0x6c C:\Users\alyas\AppData\Local\Temp\arduino\sketches\2C96ACFC6238EFED5EF299EF4E2321D9/..\..\cores\arduino_samd_nano_33_iot_34f1bda89f285c6fb8306d09183da2d7\core.a(SERCOM.cpp.o)
                0x000046f4                SERCOM::initUART(SercomUartMode, SercomUartSampleRate, unsigned long)
 .text._ZN6SERCOM7initSPIE14SercomSpiTXPad11SercomRXPad17SercomSpiCharSize15SercomDataOrder
                0x00004760       0x4a C:\Users\alyas\AppData\Local\Temp\arduino\sketches\2C96ACFC6238EFED5EF299EF4E2321D9/..\..\cores\arduino_samd_nano_33_iot_34f1bda89f285c6fb8306d09183da2d7\core.a(SERCOM.cpp.o)
                0x00004760                SERCOM::initSPI(SercomSpiTXPad, SercomRXPad, SercomSpiCharSize, SercomDataOrder)
 .text._ZN7Serial_13getDescriptorERN7arduino8USBSetupE
                0x000047aa        0x4 C:\Users\alyas\AppData\Local\Temp\arduino\sketches\2C96ACFC6238EFED5EF299EF4E2321D9/..\..\cores\arduino_samd_nano_33_iot_34f1bda89f285c6fb8306d09183da2d7\core.a(CDC.cpp.o)
                0x000047aa                Serial_::getDescriptor(arduino::USBSetup&)
 .text._ZL5utox8mPc
                0x000047ae       0x24 C:\Users\alyas\AppData\Local\Temp\arduino\sketches\2C96ACFC6238EFED5EF299EF4E2321D9/..\..\cores\arduino_samd_nano_33_iot_34f1bda89f285c6fb8306d09183da2d7\core.a(CDC.cpp.o)
 *fill*         0x000047d2        0x2 
 .text._ZN7Serial_12getShortNameEPc
                0x000047d4       0x44 C:\Users\alyas\AppData\Local\Temp\arduino\sketches\2C96ACFC6238EFED5EF299EF4E2321D9/..\..\cores\arduino_samd_nano_33_iot_34f1bda89f285c6fb8306d09183da2d7\core.a(CDC.cpp.o)
                0x000047d4                Serial_::getShortName(char*)
 .text._ZThn16_N7Serial_12getShortNameEPc
                0x00004818       0x10 C:\Users\alyas\AppData\Local\Temp\arduino\sketches\2C96ACFC6238EFED5EF299EF4E2321D9/..\..\cores\arduino_samd_nano_33_iot_34f1bda89f285c6fb8306d09183da2d7\core.a(CDC.cpp.o)
                0x00004818                non-virtual thunk to Serial_::getShortName(char*)
 .text._ZN7Serial_5beginEm
                0x00004828        0x2 C:\Users\alyas\AppData\Local\Temp\arduino\sketches\2C96ACFC6238EFED5EF299EF4E2321D9/..\..\cores\arduino_samd_nano_33_iot_34f1bda89f285c6fb8306d09183da2d7\core.a(CDC.cpp.o)
                0x00004828                Serial_::begin(unsigned long)
 .text._ZN7Serial_5beginEmt
                0x0000482a        0x2 C:\Users\alyas\AppData\Local\Temp\arduino\sketches\2C96ACFC6238EFED5EF299EF4E2321D9/..\..\cores\arduino_samd_nano_33_iot_34f1bda89f285c6fb8306d09183da2d7\core.a(CDC.cpp.o)
                0x0000482a                Serial_::begin(unsigned long, unsigned short)
 .text._ZN7Serial_17availableForWriteEv
                0x0000482c        0x4 C:\Users\alyas\AppData\Local\Temp\arduino\sketches\2C96ACFC6238EFED5EF299EF4E2321D9/..\..\cores\arduino_samd_nano_33_iot_34f1bda89f285c6fb8306d09183da2d7\core.a(CDC.cpp.o)
                0x0000482c                Serial_::availableForWrite()
 .text._ZN7Serial_5writeEh
                0x00004830       0x14 C:\Users\alyas\AppData\Local\Temp\arduino\sketches\2C96ACFC6238EFED5EF299EF4E2321D9/..\..\cores\arduino_samd_nano_33_iot_34f1bda89f285c6fb8306d09183da2d7\core.a(CDC.cpp.o)
                0x00004830                Serial_::write(unsigned char)
 .text._ZN7Serial_12getInterfaceEPh
                0x00004844      0x11c C:\Users\alyas\AppData\Local\Temp\arduino\sketches\2C96ACFC6238EFED5EF299EF4E2321D9/..\..\cores\arduino_samd_nano_33_iot_34f1bda89f285c6fb8306d09183da2d7\core.a(CDC.cpp.o)
                0x00004844                Serial_::getInterface(unsigned char*)
 .text._ZThn16_N7Serial_12getInterfaceEPh
                0x00004960       0x10 C:\Users\alyas\AppData\Local\Temp\arduino\sketches\2C96ACFC6238EFED5EF299EF4E2321D9/..\..\cores\arduino_samd_nano_33_iot_34f1bda89f285c6fb8306d09183da2d7\core.a(CDC.cpp.o)
                0x00004960                non-virtual thunk to Serial_::getInterface(unsigned char*)
 .text._ZN7Serial_5setupERN7arduino8USBSetupE
                0x00004970       0x98 C:\Users\alyas\AppData\Local\Temp\arduino\sketches\2C96ACFC6238EFED5EF299EF4E2321D9/..\..\cores\arduino_samd_nano_33_iot_34f1bda89f285c6fb8306d09183da2d7\core.a(CDC.cpp.o)
                0x00004970                Serial_::setup(arduino::USBSetup&)
 .text._ZThn16_N7Serial_5setupERN7arduino8USBSetupE
                0x00004a08       0x10 C:\Users\alyas\AppData\Local\Temp\arduino\sketches\2C96ACFC6238EFED5EF299EF4E2321D9/..\..\cores\arduino_samd_nano_33_iot_34f1bda89f285c6fb8306d09183da2d7\core.a(CDC.cpp.o)
                0x00004a08                non-virtual thunk to Serial_::setup(arduino::USBSetup&)
 .text._ZN7Serial_3endEv
                0x00004a18       0x14 C:\Users\alyas\AppData\Local\Temp\arduino\sketches\2C96ACFC6238EFED5EF299EF4E2321D9/..\..\cores\arduino_samd_nano_33_iot_34f1bda89f285c6fb8306d09183da2d7\core.a(CDC.cpp.o)
                0x00004a18                Serial_::end()
 .text._ZN7Serial_9availableEv
                0x00004a2c       0x20 C:\Users\alyas\AppData\Local\Temp\arduino\sketches\2C96ACFC6238EFED5EF299EF4E2321D9/..\..\cores\arduino_samd_nano_33_iot_34f1bda89f285c6fb8306d09183da2d7\core.a(CDC.cpp.o)
                0x00004a2c                Serial_::available()
 .text._ZN7Serial_5flushEv
                0x00004a4c        0xe C:\Users\alyas\AppData\Local\Temp\arduino\sketches\2C96ACFC6238EFED5EF299EF4E2321D9/..\..\cores\arduino_samd_nano_33_iot_34f1bda89f285c6fb8306d09183da2d7\core.a(CDC.cpp.o)
                0x00004a4c                Serial_::flush()
 .text._ZN7Serial_5clearEv
                0x00004a5a        0xe C:\Users\alyas\AppData\Local\Temp\arduino\sketches\2C96ACFC6238EFED5EF299EF4E2321D9/..\..\cores\arduino_samd_nano_33_iot_34f1bda89f285c6fb8306d09183da2d7\core.a(CDC.cpp.o)
                0x00004a5a                Serial_::clear()
 .text._ZN7Serial_5writeEPKhj
                0x00004a68       0x1e C:\Users\alyas\AppData\Local\Temp\arduino\sketches\2C96ACFC6238EFED5EF299EF4E2321D9/..\..\cores\arduino_samd_nano_33_iot_34f1bda89f285c6fb8306d09183da2d7\core.a(CDC.cpp.o)
                0x00004a68                Serial_::write(unsigned char const*, unsigned int)
 *fill*         0x00004a86        0x2 
 .text._ZN7Serial_4peekEv
                0x00004a88       0x1c C:\Users\alyas\AppData\Local\Temp\arduino\sketches\2C96ACFC6238EFED5EF299EF4E2321D9/..\..\cores\arduino_samd_nano_33_iot_34f1bda89f285c6fb8306d09183da2d7\core.a(CDC.cpp.o)
                0x00004a88                Serial_::peek()
 .text._ZN7Serial_4readEv
                0x00004aa4       0x24 C:\Users\alyas\AppData\Local\Temp\arduino\sketches\2C96ACFC6238EFED5EF299EF4E2321D9/..\..\cores\arduino_samd_nano_33_iot_34f1bda89f285c6fb8306d09183da2d7\core.a(CDC.cpp.o)
                0x00004aa4                Serial_::read()
 .text._ZN7Serial_cvbEv
                0x00004ac8       0x28 C:\Users\alyas\AppData\Local\Temp\arduino\sketches\2C96ACFC6238EFED5EF299EF4E2321D9/..\..\cores\arduino_samd_nano_33_iot_34f1bda89f285c6fb8306d09183da2d7\core.a(CDC.cpp.o)
                0x00004ac8                Serial_::operator bool()
 .text._ZThn16_N7Serial_13getDescriptorERN7arduino8USBSetupE
                0x00004af0        0x4 C:\Users\alyas\AppData\Local\Temp\arduino\sketches\2C96ACFC6238EFED5EF299EF4E2321D9/..\..\cores\arduino_samd_nano_33_iot_34f1bda89f285c6fb8306d09183da2d7\core.a(CDC.cpp.o)
                0x00004af0                non-virtual thunk to Serial_::getDescriptor(arduino::USBSetup&)
 .text.resetExternalChip
                0x00004af4        0x2 C:\Users\alyas\AppData\Local\Temp\arduino\sketches\2C96ACFC6238EFED5EF299EF4E2321D9/..\..\cores\arduino_samd_nano_33_iot_34f1bda89f285c6fb8306d09183da2d7\core.a(CDC.cpp.o)
                0x00004af4                resetExternalChip
 .text._ZN7Serial_14handleEndpointEi
                0x00004af6        0x2 C:\Users\alyas\AppData\Local\Temp\arduino\sketches\2C96ACFC6238EFED5EF299EF4E2321D9/..\..\cores\arduino_samd_nano_33_iot_34f1bda89f285c6fb8306d09183da2d7\core.a(CDC.cpp.o)
                0x00004af6                Serial_::handleEndpoint(int)
 .text._ZN7Serial_C2ER14USBDeviceClass
                0x00004af8       0x50 C:\Users\alyas\AppData\Local\Temp\arduino\sketches\2C96ACFC6238EFED5EF299EF4E2321D9/..\..\cores\arduino_samd_nano_33_iot_34f1bda89f285c6fb8306d09183da2d7\core.a(CDC.cpp.o)
                0x00004af8                Serial_::Serial_(USBDeviceClass&)
                0x00004af8                Serial_::Serial_(USBDeviceClass&)
 .text._ZN7Serial_15enableInterruptEv
                0x00004b48       0x30 C:\Users\alyas\AppData\Local\Temp\arduino\sketches\2C96ACFC6238EFED5EF299EF4E2321D9/..\..\cores\arduino_samd_nano_33_iot_34f1bda89f285c6fb8306d09183da2d7\core.a(CDC.cpp.o)
                0x00004b48                Serial_::enableInterrupt()
 .text.startup._GLOBAL__sub_I__ZN7Serial_12getInterfaceEPh
                0x00004b78       0x14 C:\Users\alyas\AppData\Local\Temp\arduino\sketches\2C96ACFC6238EFED5EF299EF4E2321D9/..\..\cores\arduino_samd_nano_33_iot_34f1bda89f285c6fb8306d09183da2d7\core.a(CDC.cpp.o)
 .text._ZN26DoubleBufferedEPOutHandlerD2Ev
                0x00004b8c        0x2 C:\Users\alyas\AppData\Local\Temp\arduino\sketches\2C96ACFC6238EFED5EF299EF4E2321D9/..\..\cores\arduino_samd_nano_33_iot_34f1bda89f285c6fb8306d09183da2d7\core.a(USBCore.cpp.o)
                0x00004b8c                DoubleBufferedEPOutHandler::~DoubleBufferedEPOutHandler()
                0x00004b8c                DoubleBufferedEPOutHandler::~DoubleBufferedEPOutHandler()
 .text._ZN26DoubleBufferedEPOutHandlerD0Ev
                0x00004b8e        0xc C:\Users\alyas\AppData\Local\Temp\arduino\sketches\2C96ACFC6238EFED5EF299EF4E2321D9/..\..\cores\arduino_samd_nano_33_iot_34f1bda89f285c6fb8306d09183da2d7\core.a(USBCore.cpp.o)
                0x00004b8e                DoubleBufferedEPOutHandler::~DoubleBufferedEPOutHandler()
 *fill*         0x00004b9a        0x2 
 .text._ZN14USBDeviceClass6initEPEmm.part.7
                0x00004b9c       0xc4 C:\Users\alyas\AppData\Local\Temp\arduino\sketches\2C96ACFC6238EFED5EF299EF4E2321D9/..\..\cores\arduino_samd_nano_33_iot_34f1bda89f285c6fb8306d09183da2d7\core.a(USBCore.cpp.o)
 .text._ZN7__GuardC2Ev
                0x00004c60        0xe C:\Users\alyas\AppData\Local\Temp\arduino\sketches\2C96ACFC6238EFED5EF299EF4E2321D9/..\..\cores\arduino_samd_nano_33_iot_34f1bda89f285c6fb8306d09183da2d7\core.a(USBCore.cpp.o)
                0x00004c60                __Guard::__Guard()
                0x00004c60                __Guard::__Guard()
 .text._ZN7__GuardD2Ev
                0x00004c6e        0xe C:\Users\alyas\AppData\Local\Temp\arduino\sketches\2C96ACFC6238EFED5EF299EF4E2321D9/..\..\cores\arduino_samd_nano_33_iot_34f1bda89f285c6fb8306d09183da2d7\core.a(USBCore.cpp.o)
                0x00004c6e                __Guard::~__Guard()
                0x00004c6e                __Guard::~__Guard()
 .text._ZNK26DoubleBufferedEPOutHandler10_availableEv
                0x00004c7c       0x70 C:\Users\alyas\AppData\Local\Temp\arduino\sketches\2C96ACFC6238EFED5EF299EF4E2321D9/..\..\cores\arduino_samd_nano_33_iot_34f1bda89f285c6fb8306d09183da2d7\core.a(USBCore.cpp.o)
                0x00004c7c                DoubleBufferedEPOutHandler::_available() const
 .text._ZN26DoubleBufferedEPOutHandler7releaseEv
                0x00004cec       0x38 C:\Users\alyas\AppData\Local\Temp\arduino\sketches\2C96ACFC6238EFED5EF299EF4E2321D9/..\..\cores\arduino_samd_nano_33_iot_34f1bda89f285c6fb8306d09183da2d7\core.a(USBCore.cpp.o)
                0x00004cec                DoubleBufferedEPOutHandler::release()
 .text._ZN26DoubleBufferedEPOutHandler14handleEndpointEv
                0x00004d24       0xe2 C:\Users\alyas\AppData\Local\Temp\arduino\sketches\2C96ACFC6238EFED5EF299EF4E2321D9/..\..\cores\arduino_samd_nano_33_iot_34f1bda89f285c6fb8306d09183da2d7\core.a(USBCore.cpp.o)
                0x00004d24                DoubleBufferedEPOutHandler::handleEndpoint()
 .text._ZN14USBDeviceClass14SendInterfacesEPm
                0x00004e06       0x20 C:\Users\alyas\AppData\Local\Temp\arduino\sketches\2C96ACFC6238EFED5EF299EF4E2321D9/..\..\cores\arduino_samd_nano_33_iot_34f1bda89f285c6fb8306d09183da2d7\core.a(USBCore.cpp.o)
                0x00004e06                USBDeviceClass::SendInterfaces(unsigned long*)
 *fill*         0x00004e26        0x2 
 .text._ZN14USBDeviceClass6attachEv
                0x00004e28       0x34 C:\Users\alyas\AppData\Local\Temp\arduino\sketches\2C96ACFC6238EFED5EF299EF4E2321D9/..\..\cores\arduino_samd_nano_33_iot_34f1bda89f285c6fb8306d09183da2d7\core.a(USBCore.cpp.o)
                0x00004e28                USBDeviceClass::attach()
 .text._ZN14USBDeviceClass10setAddressEm
                0x00004e5c       0x48 C:\Users\alyas\AppData\Local\Temp\arduino\sketches\2C96ACFC6238EFED5EF299EF4E2321D9/..\..\cores\arduino_samd_nano_33_iot_34f1bda89f285c6fb8306d09183da2d7\core.a(USBCore.cpp.o)
                0x00004e5c                USBDeviceClass::setAddress(unsigned long)
 .text._ZN14USBDeviceClass25handleClassInterfaceSetupERN7arduino8USBSetupE
                0x00004ea4       0x24 C:\Users\alyas\AppData\Local\Temp\arduino\sketches\2C96ACFC6238EFED5EF299EF4E2321D9/..\..\cores\arduino_samd_nano_33_iot_34f1bda89f285c6fb8306d09183da2d7\core.a(USBCore.cpp.o)
                0x00004ea4                USBDeviceClass::handleClassInterfaceSetup(arduino::USBSetup&)
 .text._ZN14USBDeviceClass6initEPEmm
                0x00004ec8      0x10c C:\Users\alyas\AppData\Local\Temp\arduino\sketches\2C96ACFC6238EFED5EF299EF4E2321D9/..\..\cores\arduino_samd_nano_33_iot_34f1bda89f285c6fb8306d09183da2d7\core.a(USBCore.cpp.o)
                0x00004ec8                USBDeviceClass::initEP(unsigned long, unsigned long)
 .text._ZN14USBDeviceClass13initEndpointsEv
                0x00004fd4       0x24 C:\Users\alyas\AppData\Local\Temp\arduino\sketches\2C96ACFC6238EFED5EF299EF4E2321D9/..\..\cores\arduino_samd_nano_33_iot_34f1bda89f285c6fb8306d09183da2d7\core.a(USBCore.cpp.o)
                0x00004fd4                USBDeviceClass::initEndpoints()
 .text._ZN14USBDeviceClass5clearEm
                0x00004ff8       0x38 C:\Users\alyas\AppData\Local\Temp\arduino\sketches\2C96ACFC6238EFED5EF299EF4E2321D9/..\..\cores\arduino_samd_nano_33_iot_34f1bda89f285c6fb8306d09183da2d7\core.a(USBCore.cpp.o)
                0x00004ff8                USBDeviceClass::clear(unsigned long)
 .text._ZN14USBDeviceClass9availableEm
                0x00005030       0x2c C:\Users\alyas\AppData\Local\Temp\arduino\sketches\2C96ACFC6238EFED5EF299EF4E2321D9/..\..\cores\arduino_samd_nano_33_iot_34f1bda89f285c6fb8306d09183da2d7\core.a(USBCore.cpp.o)
                0x00005030                USBDeviceClass::available(unsigned long)
 .text._ZN14USBDeviceClass5flushEm
                0x0000505c       0x2c C:\Users\alyas\AppData\Local\Temp\arduino\sketches\2C96ACFC6238EFED5EF299EF4E2321D9/..\..\cores\arduino_samd_nano_33_iot_34f1bda89f285c6fb8306d09183da2d7\core.a(USBCore.cpp.o)
                0x0000505c                USBDeviceClass::flush(unsigned long)
 .text._ZN14USBDeviceClass4recvEmPvm
                0x00005088       0xc0 C:\Users\alyas\AppData\Local\Temp\arduino\sketches\2C96ACFC6238EFED5EF299EF4E2321D9/..\..\cores\arduino_samd_nano_33_iot_34f1bda89f285c6fb8306d09183da2d7\core.a(USBCore.cpp.o)
                0x00005088                USBDeviceClass::recv(unsigned long, void*, unsigned long)
 .text._ZN14USBDeviceClass4recvEm
                0x00005148       0x1c C:\Users\alyas\AppData\Local\Temp\arduino\sketches\2C96ACFC6238EFED5EF299EF4E2321D9/..\..\cores\arduino_samd_nano_33_iot_34f1bda89f285c6fb8306d09183da2d7\core.a(USBCore.cpp.o)
                0x00005148                USBDeviceClass::recv(unsigned long)
 .text._ZN14USBDeviceClass14armRecvCtrlOUTEm
                0x00005164       0x5c C:\Users\alyas\AppData\Local\Temp\arduino\sketches\2C96ACFC6238EFED5EF299EF4E2321D9/..\..\cores\arduino_samd_nano_33_iot_34f1bda89f285c6fb8306d09183da2d7\core.a(USBCore.cpp.o)
                0x00005164                USBDeviceClass::armRecvCtrlOUT(unsigned long)
 .text._ZN14USBDeviceClass11recvControlEPvm
                0x000051c0       0x28 C:\Users\alyas\AppData\Local\Temp\arduino\sketches\2C96ACFC6238EFED5EF299EF4E2321D9/..\..\cores\arduino_samd_nano_33_iot_34f1bda89f285c6fb8306d09183da2d7\core.a(USBCore.cpp.o)
                0x000051c0                USBDeviceClass::recvControl(void*, unsigned long)
 .text._ZN14USBDeviceClass4sendEmPKvm
                0x000051e8      0x10c C:\Users\alyas\AppData\Local\Temp\arduino\sketches\2C96ACFC6238EFED5EF299EF4E2321D9/..\..\cores\arduino_samd_nano_33_iot_34f1bda89f285c6fb8306d09183da2d7\core.a(USBCore.cpp.o)
                0x000051e8                USBDeviceClass::send(unsigned long, void const*, unsigned long)
 .text._ZN14USBDeviceClass7armSendEmPKvm
                0x000052f4       0x48 C:\Users\alyas\AppData\Local\Temp\arduino\sketches\2C96ACFC6238EFED5EF299EF4E2321D9/..\..\cores\arduino_samd_nano_33_iot_34f1bda89f285c6fb8306d09183da2d7\core.a(USBCore.cpp.o)
                0x000052f4                USBDeviceClass::armSend(unsigned long, void const*, unsigned long)
 .text._ZN14USBDeviceClass11sendControlEPKvm
                0x0000533c       0x54 C:\Users\alyas\AppData\Local\Temp\arduino\sketches\2C96ACFC6238EFED5EF299EF4E2321D9/..\..\cores\arduino_samd_nano_33_iot_34f1bda89f285c6fb8306d09183da2d7\core.a(USBCore.cpp.o)
                0x0000533c                USBDeviceClass::sendControl(void const*, unsigned long)
 .text._ZN14USBDeviceClass20sendStringDescriptorEPKhm
                0x00005390       0x64 C:\Users\alyas\AppData\Local\Temp\arduino\sketches\2C96ACFC6238EFED5EF299EF4E2321D9/..\..\cores\arduino_samd_nano_33_iot_34f1bda89f285c6fb8306d09183da2d7\core.a(USBCore.cpp.o)
                0x00005390                USBDeviceClass::sendStringDescriptor(unsigned char const*, unsigned long)
 .text._ZN14USBDeviceClass17sendConfigurationEm
                0x000053f4       0x80 C:\Users\alyas\AppData\Local\Temp\arduino\sketches\2C96ACFC6238EFED5EF299EF4E2321D9/..\..\cores\arduino_samd_nano_33_iot_34f1bda89f285c6fb8306d09183da2d7\core.a(USBCore.cpp.o)
                0x000053f4                USBDeviceClass::sendConfiguration(unsigned long)
 .text._ZN14USBDeviceClass14sendDescriptorERN7arduino8USBSetupE
                0x00005474       0xd8 C:\Users\alyas\AppData\Local\Temp\arduino\sketches\2C96ACFC6238EFED5EF299EF4E2321D9/..\..\cores\arduino_samd_nano_33_iot_34f1bda89f285c6fb8306d09183da2d7\core.a(USBCore.cpp.o)
                0x00005474                USBDeviceClass::sendDescriptor(arduino::USBSetup&)
 .text._ZN14USBDeviceClass7sendZlpEm
                0x0000554c       0x18 C:\Users\alyas\AppData\Local\Temp\arduino\sketches\2C96ACFC6238EFED5EF299EF4E2321D9/..\..\cores\arduino_samd_nano_33_iot_34f1bda89f285c6fb8306d09183da2d7\core.a(USBCore.cpp.o)
                0x0000554c                USBDeviceClass::sendZlp(unsigned long)
 .text._ZN14USBDeviceClass19handleStandardSetupERN7arduino8USBSetupE
                0x00005564       0xf0 C:\Users\alyas\AppData\Local\Temp\arduino\sketches\2C96ACFC6238EFED5EF299EF4E2321D9/..\..\cores\arduino_samd_nano_33_iot_34f1bda89f285c6fb8306d09183da2d7\core.a(USBCore.cpp.o)
                0x00005564                USBDeviceClass::handleStandardSetup(arduino::USBSetup&)
 .text._ZN14USBDeviceClass10ISRHandlerEv
                0x00005654      0x108 C:\Users\alyas\AppData\Local\Temp\arduino\sketches\2C96ACFC6238EFED5EF299EF4E2321D9/..\..\cores\arduino_samd_nano_33_iot_34f1bda89f285c6fb8306d09183da2d7\core.a(USBCore.cpp.o)
                0x00005654                USBDeviceClass::ISRHandler()
 .text.UDD_Handler
                0x0000575c       0x10 C:\Users\alyas\AppData\Local\Temp\arduino\sketches\2C96ACFC6238EFED5EF299EF4E2321D9/..\..\cores\arduino_samd_nano_33_iot_34f1bda89f285c6fb8306d09183da2d7\core.a(USBCore.cpp.o)
                0x0000575c                UDD_Handler
 .text._ZN7arduino13PluggableUSB_C2Ev
                0x0000576c       0x10 C:\Users\alyas\AppData\Local\Temp\arduino\sketches\2C96ACFC6238EFED5EF299EF4E2321D9/..\..\cores\arduino_samd_nano_33_iot_34f1bda89f285c6fb8306d09183da2d7\core.a(USBCore.cpp.o)
                0x0000576c                arduino::PluggableUSB_::PluggableUSB_()
                0x0000576c                arduino::PluggableUSB_::PluggableUSB_()
 .text._Z8epBufferj
                0x0000577c        0xc C:\Users\alyas\AppData\Local\Temp\arduino\sketches\2C96ACFC6238EFED5EF299EF4E2321D9/..\..\cores\arduino_samd_nano_33_iot_34f1bda89f285c6fb8306d09183da2d7\core.a(USBCore.cpp.o)
                0x0000577c                epBuffer(unsigned int)
 .text._ZN7arduino11RingBufferNILi64EE10store_charEh
                0x00005788       0x1c C:\Users\alyas\AppData\Local\Temp\arduino\sketches\2C96ACFC6238EFED5EF299EF4E2321D9/..\..\cores\arduino_samd_nano_33_iot_34f1bda89f285c6fb8306d09183da2d7\core.a(USBCore.cpp.o)
                0x00005788                arduino::RingBufferN<64>::store_char(unsigned char)
 .text._ZN26DoubleBufferedEPOutHandler5_recvEv
                0x000057a4      0x15e C:\Users\alyas\AppData\Local\Temp\arduino\sketches\2C96ACFC6238EFED5EF299EF4E2321D9/..\..\cores\arduino_samd_nano_33_iot_34f1bda89f285c6fb8306d09183da2d7\core.a(USBCore.cpp.o)
                0x000057a4                DoubleBufferedEPOutHandler::_recv()
 .text._ZN26DoubleBufferedEPOutHandler9availableEv
                0x00005902        0xc C:\Users\alyas\AppData\Local\Temp\arduino\sketches\2C96ACFC6238EFED5EF299EF4E2321D9/..\..\cores\arduino_samd_nano_33_iot_34f1bda89f285c6fb8306d09183da2d7\core.a(USBCore.cpp.o)
                0x00005902                DoubleBufferedEPOutHandler::available()
 .text._ZN26DoubleBufferedEPOutHandler4peekEv
                0x0000590e       0x1c C:\Users\alyas\AppData\Local\Temp\arduino\sketches\2C96ACFC6238EFED5EF299EF4E2321D9/..\..\cores\arduino_samd_nano_33_iot_34f1bda89f285c6fb8306d09183da2d7\core.a(USBCore.cpp.o)
                0x0000590e                DoubleBufferedEPOutHandler::peek()
 .text._ZN26DoubleBufferedEPOutHandler4recvEPvm
                0x0000592a       0x60 C:\Users\alyas\AppData\Local\Temp\arduino\sketches\2C96ACFC6238EFED5EF299EF4E2321D9/..\..\cores\arduino_samd_nano_33_iot_34f1bda89f285c6fb8306d09183da2d7\core.a(USBCore.cpp.o)
                0x0000592a                DoubleBufferedEPOutHandler::recv(void*, unsigned long)
 *fill*         0x0000598a        0x2 
 .text.startup._GLOBAL__sub_I_usbd
                0x0000598c       0x10 C:\Users\alyas\AppData\Local\Temp\arduino\sketches\2C96ACFC6238EFED5EF299EF4E2321D9/..\..\cores\arduino_samd_nano_33_iot_34f1bda89f285c6fb8306d09183da2d7\core.a(USBCore.cpp.o)
 .text._ZN14USBDeviceClass4initEv
                0x0000599c      0x15c C:\Users\alyas\AppData\Local\Temp\arduino\sketches\2C96ACFC6238EFED5EF299EF4E2321D9/..\..\cores\arduino_samd_nano_33_iot_34f1bda89f285c6fb8306d09183da2d7\core.a(USBCore.cpp.o)
                0x0000599c                USBDeviceClass::init()
 .text._ZN4UartcvbEv
                0x00005af8        0x4 C:\Users\alyas\AppData\Local\Temp\arduino\sketches\2C96ACFC6238EFED5EF299EF4E2321D9/..\..\cores\arduino_samd_nano_33_iot_34f1bda89f285c6fb8306d09183da2d7\core.a(Uart.cpp.o)
                0x00005af8                Uart::operator bool()
 .text._ZN4Uart5beginEm
                0x00005afc       0x10 C:\Users\alyas\AppData\Local\Temp\arduino\sketches\2C96ACFC6238EFED5EF299EF4E2321D9/..\..\cores\arduino_samd_nano_33_iot_34f1bda89f285c6fb8306d09183da2d7\core.a(Uart.cpp.o)
                0x00005afc                Uart::begin(unsigned long)
 .text._ZN4Uart9availableEv
                0x00005b0c        0x6 C:\Users\alyas\AppData\Local\Temp\arduino\sketches\2C96ACFC6238EFED5EF299EF4E2321D9/..\..\cores\arduino_samd_nano_33_iot_34f1bda89f285c6fb8306d09183da2d7\core.a(Uart.cpp.o)
                0x00005b0c                Uart::available()
 .text._ZN4Uart17availableForWriteEv
                0x00005b12       0x10 C:\Users\alyas\AppData\Local\Temp\arduino\sketches\2C96ACFC6238EFED5EF299EF4E2321D9/..\..\cores\arduino_samd_nano_33_iot_34f1bda89f285c6fb8306d09183da2d7\core.a(Uart.cpp.o)
                0x00005b12                Uart::availableForWrite()
 .text._ZN4Uart4peekEv
                0x00005b22       0x18 C:\Users\alyas\AppData\Local\Temp\arduino\sketches\2C96ACFC6238EFED5EF299EF4E2321D9/..\..\cores\arduino_samd_nano_33_iot_34f1bda89f285c6fb8306d09183da2d7\core.a(Uart.cpp.o)
                0x00005b22                Uart::peek()
 .text._ZN4Uart3endEv
                0x00005b3a       0x24 C:\Users\alyas\AppData\Local\Temp\arduino\sketches\2C96ACFC6238EFED5EF299EF4E2321D9/..\..\cores\arduino_samd_nano_33_iot_34f1bda89f285c6fb8306d09183da2d7\core.a(Uart.cpp.o)
                0x00005b3a                Uart::end()
 .text._ZN4Uart5flushEv
                0x00005b5e       0x16 C:\Users\alyas\AppData\Local\Temp\arduino\sketches\2C96ACFC6238EFED5EF299EF4E2321D9/..\..\cores\arduino_samd_nano_33_iot_34f1bda89f285c6fb8306d09183da2d7\core.a(Uart.cpp.o)
                0x00005b5e                Uart::flush()
 .text._ZN4Uart16extractNbStopBitEt
                0x00005b74        0xc C:\Users\alyas\AppData\Local\Temp\arduino\sketches\2C96ACFC6238EFED5EF299EF4E2321D9/..\..\cores\arduino_samd_nano_33_iot_34f1bda89f285c6fb8306d09183da2d7\core.a(Uart.cpp.o)
                0x00005b74                Uart::extractNbStopBit(unsigned short)
 .text._ZN4Uart15extractCharSizeEt
                0x00005b80       0x28 C:\Users\alyas\AppData\Local\Temp\arduino\sketches\2C96ACFC6238EFED5EF299EF4E2321D9/..\..\cores\arduino_samd_nano_33_iot_34f1bda89f285c6fb8306d09183da2d7\core.a(Uart.cpp.o)
                0x00005b80                Uart::extractCharSize(unsigned short)
 .text._ZN4Uart13extractParityEt
                0x00005ba8       0x14 C:\Users\alyas\AppData\Local\Temp\arduino\sketches\2C96ACFC6238EFED5EF299EF4E2321D9/..\..\cores\arduino_samd_nano_33_iot_34f1bda89f285c6fb8306d09183da2d7\core.a(Uart.cpp.o)
                0x00005ba8                Uart::extractParity(unsigned short)
 .text._ZN4Uart5beginEmt
                0x00005bbc       0xf8 C:\Users\alyas\AppData\Local\Temp\arduino\sketches\2C96ACFC6238EFED5EF299EF4E2321D9/..\..\cores\arduino_samd_nano_33_iot_34f1bda89f285c6fb8306d09183da2d7\core.a(Uart.cpp.o)
                0x00005bbc                Uart::begin(unsigned long, unsigned short)
 .text._ZN7arduino11RingBufferNILi256EEC2Ev
                0x00005cb4       0x1e C:\Users\alyas\AppData\Local\Temp\arduino\sketches\2C96ACFC6238EFED5EF299EF4E2321D9/..\..\cores\arduino_samd_nano_33_iot_34f1bda89f285c6fb8306d09183da2d7\core.a(Uart.cpp.o)
                0x00005cb4                arduino::RingBufferN<256>::RingBufferN()
                0x00005cb4                arduino::RingBufferN<256>::RingBufferN()
 *fill*         0x00005cd2        0x2 
 .text._ZN4UartC2EP6SERCOMhh11SercomRXPad15SercomUartTXPadhh
                0x00005cd4       0x88 C:\Users\alyas\AppData\Local\Temp\arduino\sketches\2C96ACFC6238EFED5EF299EF4E2321D9/..\..\cores\arduino_samd_nano_33_iot_34f1bda89f285c6fb8306d09183da2d7\core.a(Uart.cpp.o)
                0x00005cd4                Uart::Uart(SERCOM*, unsigned char, unsigned char, SercomRXPad, SercomUartTXPad, unsigned char, unsigned char)
                0x00005cd4                Uart::Uart(SERCOM*, unsigned char, unsigned char, SercomRXPad, SercomUartTXPad, unsigned char, unsigned char)
 .text._ZN4UartC2EP6SERCOMhh11SercomRXPad15SercomUartTXPad
                0x00005d5c       0x74 C:\Users\alyas\AppData\Local\Temp\arduino\sketches\2C96ACFC6238EFED5EF299EF4E2321D9/..\..\cores\arduino_samd_nano_33_iot_34f1bda89f285c6fb8306d09183da2d7\core.a(Uart.cpp.o)
                0x00005d5c                Uart::Uart(SERCOM*, unsigned char, unsigned char, SercomRXPad, SercomUartTXPad)
                0x00005d5c                Uart::Uart(SERCOM*, unsigned char, unsigned char, SercomRXPad, SercomUartTXPad)
 .text._ZN7arduino15SafeRingBufferNILi256EE10store_charEh
                0x00005dd0       0x4a C:\Users\alyas\AppData\Local\Temp\arduino\sketches\2C96ACFC6238EFED5EF299EF4E2321D9/..\..\cores\arduino_samd_nano_33_iot_34f1bda89f285c6fb8306d09183da2d7\core.a(Uart.cpp.o)
                0x00005dd0                arduino::SafeRingBufferN<256>::store_char(unsigned char)
 .text._ZN7arduino15SafeRingBufferNILi256EE9read_charEv
                0x00005e1a       0x50 C:\Users\alyas\AppData\Local\Temp\arduino\sketches\2C96ACFC6238EFED5EF299EF4E2321D9/..\..\cores\arduino_samd_nano_33_iot_34f1bda89f285c6fb8306d09183da2d7\core.a(Uart.cpp.o)
                0x00005e1a                arduino::SafeRingBufferN<256>::read_char()
 .text._ZN4Uart10IrqHandlerEv
                0x00005e6a       0xa4 C:\Users\alyas\AppData\Local\Temp\arduino\sketches\2C96ACFC6238EFED5EF299EF4E2321D9/..\..\cores\arduino_samd_nano_33_iot_34f1bda89f285c6fb8306d09183da2d7\core.a(Uart.cpp.o)
                0x00005e6a                Uart::IrqHandler()
 *fill*         0x00005f0e        0x2 
 .text._ZN4Uart5writeEh
                0x00005f10       0x9c C:\Users\alyas\AppData\Local\Temp\arduino\sketches\2C96ACFC6238EFED5EF299EF4E2321D9/..\..\cores\arduino_samd_nano_33_iot_34f1bda89f285c6fb8306d09183da2d7\core.a(Uart.cpp.o)
                0x00005f10                Uart::write(unsigned char)
 .text._ZN4Uart4readEv
                0x00005fac       0x34 C:\Users\alyas\AppData\Local\Temp\arduino\sketches\2C96ACFC6238EFED5EF299EF4E2321D9/..\..\cores\arduino_samd_nano_33_iot_34f1bda89f285c6fb8306d09183da2d7\core.a(Uart.cpp.o)
                0x00005fac                Uart::read()
 .text._ZNK7arduino9IPAddress7printToERNS_5PrintE
                0x00005fe0       0x44 C:\Users\alyas\AppData\Local\Temp\arduino\sketches\2C96ACFC6238EFED5EF299EF4E2321D9/..\..\cores\arduino_samd_nano_33_iot_34f1bda89f285c6fb8306d09183da2d7\core.a(IPAddress.cpp.o)
                0x00005fe0                arduino::IPAddress::printTo(arduino::Print&) const
 .text._ZN7arduino9IPAddressC2Ev
                0x00006024       0x10 C:\Users\alyas\AppData\Local\Temp\arduino\sketches\2C96ACFC6238EFED5EF299EF4E2321D9/..\..\cores\arduino_samd_nano_33_iot_34f1bda89f285c6fb8306d09183da2d7\core.a(IPAddress.cpp.o)
                0x00006024                arduino::IPAddress::IPAddress()
                0x00006024                arduino::IPAddress::IPAddress()
 .text._ZN7arduino9IPAddressC2Ehhhh
                0x00006034       0x1c C:\Users\alyas\AppData\Local\Temp\arduino\sketches\2C96ACFC6238EFED5EF299EF4E2321D9/..\..\cores\arduino_samd_nano_33_iot_34f1bda89f285c6fb8306d09183da2d7\core.a(IPAddress.cpp.o)
                0x00006034                arduino::IPAddress::IPAddress(unsigned char, unsigned char, unsigned char, unsigned char)
                0x00006034                arduino::IPAddress::IPAddress(unsigned char, unsigned char, unsigned char, unsigned char)
 .text._ZN7arduino9IPAddressC2EPKh
                0x00006050       0x18 C:\Users\alyas\AppData\Local\Temp\arduino\sketches\2C96ACFC6238EFED5EF299EF4E2321D9/..\..\cores\arduino_samd_nano_33_iot_34f1bda89f285c6fb8306d09183da2d7\core.a(IPAddress.cpp.o)
                0x00006050                arduino::IPAddress::IPAddress(unsigned char const*)
                0x00006050                arduino::IPAddress::IPAddress(unsigned char const*)
 .text._ZN7arduino9IPAddressaSEPKh
                0x00006068       0x10 C:\Users\alyas\AppData\Local\Temp\arduino\sketches\2C96ACFC6238EFED5EF299EF4E2321D9/..\..\cores\arduino_samd_nano_33_iot_34f1bda89f285c6fb8306d09183da2d7\core.a(IPAddress.cpp.o)
                0x00006068                arduino::IPAddress::operator=(unsigned char const*)
 .text.startup._GLOBAL__sub_I__ZN7arduino9IPAddressC2Ev
                0x00006078       0x18 C:\Users\alyas\AppData\Local\Temp\arduino\sketches\2C96ACFC6238EFED5EF299EF4E2321D9/..\..\cores\arduino_samd_nano_33_iot_34f1bda89f285c6fb8306d09183da2d7\core.a(IPAddress.cpp.o)
 .text._ZN7arduino13PluggableUSB_12getInterfaceEPh
                0x00006090       0x28 C:\Users\alyas\AppData\Local\Temp\arduino\sketches\2C96ACFC6238EFED5EF299EF4E2321D9/..\..\cores\arduino_samd_nano_33_iot_34f1bda89f285c6fb8306d09183da2d7\core.a(PluggableUSB.cpp.o)
                0x00006090                arduino::PluggableUSB_::getInterface(unsigned char*)
 .text._ZN7arduino13PluggableUSB_13getDescriptorERNS_8USBSetupE
                0x000060b8       0x20 C:\Users\alyas\AppData\Local\Temp\arduino\sketches\2C96ACFC6238EFED5EF299EF4E2321D9/..\..\cores\arduino_samd_nano_33_iot_34f1bda89f285c6fb8306d09183da2d7\core.a(PluggableUSB.cpp.o)
                0x000060b8                arduino::PluggableUSB_::getDescriptor(arduino::USBSetup&)
 .text._ZN7arduino13PluggableUSB_12getShortNameEPc
                0x000060d8       0x1e C:\Users\alyas\AppData\Local\Temp\arduino\sketches\2C96ACFC6238EFED5EF299EF4E2321D9/..\..\cores\arduino_samd_nano_33_iot_34f1bda89f285c6fb8306d09183da2d7\core.a(PluggableUSB.cpp.o)
                0x000060d8                arduino::PluggableUSB_::getShortName(char*)
 .text._ZN7arduino13PluggableUSB_5setupERNS_8USBSetupE
                0x000060f6       0x20 C:\Users\alyas\AppData\Local\Temp\arduino\sketches\2C96ACFC6238EFED5EF299EF4E2321D9/..\..\cores\arduino_samd_nano_33_iot_34f1bda89f285c6fb8306d09183da2d7\core.a(PluggableUSB.cpp.o)
                0x000060f6                arduino::PluggableUSB_::setup(arduino::USBSetup&)
 .text._ZN7arduino13PluggableUSB_4plugEPNS_18PluggableUSBModuleE
                0x00006116       0x5c C:\Users\alyas\AppData\Local\Temp\arduino\sketches\2C96ACFC6238EFED5EF299EF4E2321D9/..\..\cores\arduino_samd_nano_33_iot_34f1bda89f285c6fb8306d09183da2d7\core.a(PluggableUSB.cpp.o)
                0x00006116                arduino::PluggableUSB_::plug(arduino::PluggableUSBModule*)
 *fill*         0x00006172        0x2 
 .text._Z12PluggableUSBv
                0x00006174       0x24 C:\Users\alyas\AppData\Local\Temp\arduino\sketches\2C96ACFC6238EFED5EF299EF4E2321D9/..\..\cores\arduino_samd_nano_33_iot_34f1bda89f285c6fb8306d09183da2d7\core.a(PluggableUSB.cpp.o)
                0x00006174                PluggableUSB()
 .text._ZN7arduino5Print5writeEPKhj
                0x00006198       0x28 C:\Users\alyas\AppData\Local\Temp\arduino\sketches\2C96ACFC6238EFED5EF299EF4E2321D9/..\..\cores\arduino_samd_nano_33_iot_34f1bda89f285c6fb8306d09183da2d7\core.a(Print.cpp.o)
                0x00006198                arduino::Print::write(unsigned char const*, unsigned int)
 .text._ZN7arduino5Print5writeEPKc.part.2
                0x000061c0       0x1a C:\Users\alyas\AppData\Local\Temp\arduino\sketches\2C96ACFC6238EFED5EF299EF4E2321D9/..\..\cores\arduino_samd_nano_33_iot_34f1bda89f285c6fb8306d09183da2d7\core.a(Print.cpp.o)
 .text._ZN7arduino5Print5writeEPKc
                0x000061da       0x10 C:\Users\alyas\AppData\Local\Temp\arduino\sketches\2C96ACFC6238EFED5EF299EF4E2321D9/..\..\cores\arduino_samd_nano_33_iot_34f1bda89f285c6fb8306d09183da2d7\core.a(Print.cpp.o)
                0x000061da                arduino::Print::write(char const*)
 .text._ZN7arduino5Print5printERKNS_6StringE
                0x000061ea        0xe C:\Users\alyas\AppData\Local\Temp\arduino\sketches\2C96ACFC6238EFED5EF299EF4E2321D9/..\..\cores\arduino_samd_nano_33_iot_34f1bda89f285c6fb8306d09183da2d7\core.a(Print.cpp.o)
                0x000061ea                arduino::Print::print(arduino::String const&)
 .text._ZN7arduino5Print5printEPKc
                0x000061f8        0x8 C:\Users\alyas\AppData\Local\Temp\arduino\sketches\2C96ACFC6238EFED5EF299EF4E2321D9/..\..\cores\arduino_samd_nano_33_iot_34f1bda89f285c6fb8306d09183da2d7\core.a(Print.cpp.o)
                0x000061f8                arduino::Print::print(char const*)
 .text._ZN7arduino5Print5printEc
                0x00006200        0xa C:\Users\alyas\AppData\Local\Temp\arduino\sketches\2C96ACFC6238EFED5EF299EF4E2321D9/..\..\cores\arduino_samd_nano_33_iot_34f1bda89f285c6fb8306d09183da2d7\core.a(Print.cpp.o)
                0x00006200                arduino::Print::print(char)
 .text._ZN7arduino5Print5printERKNS_9PrintableE
                0x0000620a       0x10 C:\Users\alyas\AppData\Local\Temp\arduino\sketches\2C96ACFC6238EFED5EF299EF4E2321D9/..\..\cores\arduino_samd_nano_33_iot_34f1bda89f285c6fb8306d09183da2d7\core.a(Print.cpp.o)
                0x0000620a                arduino::Print::print(arduino::Printable const&)
 *fill*         0x0000621a        0x2 
 .text._ZN7arduino5Print7printlnEv
                0x0000621c       0x10 C:\Users\alyas\AppData\Local\Temp\arduino\sketches\2C96ACFC6238EFED5EF299EF4E2321D9/..\..\cores\arduino_samd_nano_33_iot_34f1bda89f285c6fb8306d09183da2d7\core.a(Print.cpp.o)
                0x0000621c                arduino::Print::println()
 .text._ZN7arduino5Print7printlnERKNS_6StringE
                0x0000622c       0x14 C:\Users\alyas\AppData\Local\Temp\arduino\sketches\2C96ACFC6238EFED5EF299EF4E2321D9/..\..\cores\arduino_samd_nano_33_iot_34f1bda89f285c6fb8306d09183da2d7\core.a(Print.cpp.o)
                0x0000622c                arduino::Print::println(arduino::String const&)
 .text._ZN7arduino5Print7printlnEPKc
                0x00006240       0x14 C:\Users\alyas\AppData\Local\Temp\arduino\sketches\2C96ACFC6238EFED5EF299EF4E2321D9/..\..\cores\arduino_samd_nano_33_iot_34f1bda89f285c6fb8306d09183da2d7\core.a(Print.cpp.o)
                0x00006240                arduino::Print::println(char const*)
 .text._ZN7arduino5Print7printlnERKNS_9PrintableE
                0x00006254       0x14 C:\Users\alyas\AppData\Local\Temp\arduino\sketches\2C96ACFC6238EFED5EF299EF4E2321D9/..\..\cores\arduino_samd_nano_33_iot_34f1bda89f285c6fb8306d09183da2d7\core.a(Print.cpp.o)
                0x00006254                arduino::Print::println(arduino::Printable const&)
 .text._ZN7arduino5Print11printNumberEmh
                0x00006268       0x48 C:\Users\alyas\AppData\Local\Temp\arduino\sketches\2C96ACFC6238EFED5EF299EF4E2321D9/..\..\cores\arduino_samd_nano_33_iot_34f1bda89f285c6fb8306d09183da2d7\core.a(Print.cpp.o)
                0x00006268                arduino::Print::printNumber(unsigned long, unsigned char)
 .text._ZN7arduino5Print5printEmi
                0x000062b0       0x18 C:\Users\alyas\AppData\Local\Temp\arduino\sketches\2C96ACFC6238EFED5EF299EF4E2321D9/..\..\cores\arduino_samd_nano_33_iot_34f1bda89f285c6fb8306d09183da2d7\core.a(Print.cpp.o)
                0x000062b0                arduino::Print::print(unsigned long, int)
 .text._ZN7arduino5Print5printEhi
                0x000062c8        0x8 C:\Users\alyas\AppData\Local\Temp\arduino\sketches\2C96ACFC6238EFED5EF299EF4E2321D9/..\..\cores\arduino_samd_nano_33_iot_34f1bda89f285c6fb8306d09183da2d7\core.a(Print.cpp.o)
                0x000062c8                arduino::Print::print(unsigned char, int)
 .text._ZN7arduino6StringD2Ev
                0x000062d0       0x12 C:\Users\alyas\AppData\Local\Temp\arduino\sketches\2C96ACFC6238EFED5EF299EF4E2321D9/..\..\cores\arduino_samd_nano_33_iot_34f1bda89f285c6fb8306d09183da2d7\core.a(String.cpp.o)
                0x000062d0                arduino::String::~String()
                0x000062d0                arduino::String::~String()
 .text._ZN7arduino6String10invalidateEv
                0x000062e2       0x18 C:\Users\alyas\AppData\Local\Temp\arduino\sketches\2C96ACFC6238EFED5EF299EF4E2321D9/..\..\cores\arduino_samd_nano_33_iot_34f1bda89f285c6fb8306d09183da2d7\core.a(String.cpp.o)
                0x000062e2                arduino::String::invalidate()
 .text._ZN7arduino6String12changeBufferEj
                0x000062fa       0x18 C:\Users\alyas\AppData\Local\Temp\arduino\sketches\2C96ACFC6238EFED5EF299EF4E2321D9/..\..\cores\arduino_samd_nano_33_iot_34f1bda89f285c6fb8306d09183da2d7\core.a(String.cpp.o)
                0x000062fa                arduino::String::changeBuffer(unsigned int)
 .text._ZN7arduino6String7reserveEj
                0x00006312       0x2a C:\Users\alyas\AppData\Local\Temp\arduino\sketches\2C96ACFC6238EFED5EF299EF4E2321D9/..\..\cores\arduino_samd_nano_33_iot_34f1bda89f285c6fb8306d09183da2d7\core.a(String.cpp.o)
                0x00006312                arduino::String::reserve(unsigned int)
 .text._ZN7arduino6String4copyEPKcj
                0x0000633c       0x32 C:\Users\alyas\AppData\Local\Temp\arduino\sketches\2C96ACFC6238EFED5EF299EF4E2321D9/..\..\cores\arduino_samd_nano_33_iot_34f1bda89f285c6fb8306d09183da2d7\core.a(String.cpp.o)
                0x0000633c                arduino::String::copy(char const*, unsigned int)
 .text._ZN7arduino6StringC2EPKc
                0x0000636e       0x26 C:\Users\alyas\AppData\Local\Temp\arduino\sketches\2C96ACFC6238EFED5EF299EF4E2321D9/..\..\cores\arduino_samd_nano_33_iot_34f1bda89f285c6fb8306d09183da2d7\core.a(String.cpp.o)
                0x0000636e                arduino::String::String(char const*)
                0x0000636e                arduino::String::String(char const*)
 .text._ZN7arduino6StringaSEPKc.part.4
                0x00006394       0x18 C:\Users\alyas\AppData\Local\Temp\arduino\sketches\2C96ACFC6238EFED5EF299EF4E2321D9/..\..\cores\arduino_samd_nano_33_iot_34f1bda89f285c6fb8306d09183da2d7\core.a(String.cpp.o)
 .text._ZN7arduino6String4moveERS0_
                0x000063ac       0x44 C:\Users\alyas\AppData\Local\Temp\arduino\sketches\2C96ACFC6238EFED5EF299EF4E2321D9/..\..\cores\arduino_samd_nano_33_iot_34f1bda89f285c6fb8306d09183da2d7\core.a(String.cpp.o)
                0x000063ac                arduino::String::move(arduino::String&)
 .text._ZN7arduino6StringC2EOS0_
                0x000063f0       0x14 C:\Users\alyas\AppData\Local\Temp\arduino\sketches\2C96ACFC6238EFED5EF299EF4E2321D9/..\..\cores\arduino_samd_nano_33_iot_34f1bda89f285c6fb8306d09183da2d7\core.a(String.cpp.o)
                0x000063f0                arduino::String::String(arduino::String&&)
                0x000063f0                arduino::String::String(arduino::String&&)
 .text._ZN7arduino6StringaSERKS0_
                0x00006404       0x20 C:\Users\alyas\AppData\Local\Temp\arduino\sketches\2C96ACFC6238EFED5EF299EF4E2321D9/..\..\cores\arduino_samd_nano_33_iot_34f1bda89f285c6fb8306d09183da2d7\core.a(String.cpp.o)
                0x00006404                arduino::String::operator=(arduino::String const&)
 .text._ZN7arduino6StringC2ERKS0_
                0x00006424       0x14 C:\Users\alyas\AppData\Local\Temp\arduino\sketches\2C96ACFC6238EFED5EF299EF4E2321D9/..\..\cores\arduino_samd_nano_33_iot_34f1bda89f285c6fb8306d09183da2d7\core.a(String.cpp.o)
                0x00006424                arduino::String::String(arduino::String const&)
                0x00006424                arduino::String::String(arduino::String const&)
 .text._ZN7arduino6StringaSEOS0_
                0x00006438       0x10 C:\Users\alyas\AppData\Local\Temp\arduino\sketches\2C96ACFC6238EFED5EF299EF4E2321D9/..\..\cores\arduino_samd_nano_33_iot_34f1bda89f285c6fb8306d09183da2d7\core.a(String.cpp.o)
                0x00006438                arduino::String::operator=(arduino::String&&)
 .text._ZN7arduino6StringaSEPKc
                0x00006448       0x16 C:\Users\alyas\AppData\Local\Temp\arduino\sketches\2C96ACFC6238EFED5EF299EF4E2321D9/..\..\cores\arduino_samd_nano_33_iot_34f1bda89f285c6fb8306d09183da2d7\core.a(String.cpp.o)
                0x00006448                arduino::String::operator=(char const*)
 .text._ZN7arduino6String6concatEPKcj
                0x0000645e       0x42 C:\Users\alyas\AppData\Local\Temp\arduino\sketches\2C96ACFC6238EFED5EF299EF4E2321D9/..\..\cores\arduino_samd_nano_33_iot_34f1bda89f285c6fb8306d09183da2d7\core.a(String.cpp.o)
                0x0000645e                arduino::String::concat(char const*, unsigned int)